Component: ARM Compiler 5.06 update 3 (build 300) Tool: armlink [4d35c9]

==============================================================================

Section Cross References

    main.o(i.main) refers to stm32f4xx_hal.o(i.HAL_Init) for HAL_Init
    main.o(i.main) refers to sys.o(i.Stm32_Clock_Init) for Stm32_Clock_Init
    main.o(i.main) refers to delay.o(i.delay_init) for delay_init
    main.o(i.main) refers to led.o(i.LED_Init) for LED_Init
    main.o(i.main) refers to key.o(i.KEY_Init) for KEY_Init
    main.o(i.main) refers to usart.o(i.uart_init) for uart_init
    main.o(i.main) refers to usart.o(i.uart2_init) for uart2_init
    main.o(i.main) refers to usart.o(i.uart3_init) for uart3_init
    main.o(i.main) refers to sdram.o(i.SDRAM_Init) for SDRAM_Init
    main.o(i.main) refers to inv_mpu.o(i.mpu_dmp_init) for mpu_dmp_init
    main.o(i.main) refers to can.o(i.CAN1_Mode_Init) for CAN1_Mode_Init
    main.o(i.main) refers to can.o(i.CAN2_Mode_Init) for CAN2_Mode_Init
    main.o(i.main) refers to bsp_can.o(i.my_can_filter_init_recv_all) for my_can_filter_init_recv_all
    main.o(i.main) refers to stm32f4xx_hal_can.o(i.HAL_CAN_Receive_IT) for HAL_CAN_Receive_IT
    main.o(i.main) refers to moto_ctrl.o(i.pid_param_init) for pid_param_init
    main.o(i.main) refers to tim.o(i.TIM3_Init) for TIM3_Init
    main.o(i.main) refers to tasks.o(i.xTaskCreate) for xTaskCreate
    main.o(i.main) refers to tasks.o(i.vTaskStartScheduler) for vTaskStartScheduler
    main.o(i.main) refers to can.o(.bss) for hcan1
    main.o(i.main) refers to main.o(.data) for .data
    main.o(i.main) refers to main.o(i.start_task) for start_task
    main.o(i.start_task) refers to port.o(i.vPortEnterCritical) for vPortEnterCritical
    main.o(i.start_task) refers to tasks.o(i.xTaskCreate) for xTaskCreate
    main.o(i.start_task) refers to tasks.o(i.vTaskDelete) for vTaskDelete
    main.o(i.start_task) refers to port.o(i.vPortExitCritical) for vPortExitCritical
    main.o(i.start_task) refers to main.o(.data) for .data
    main.o(i.start_task) refers to moto_ctrl.o(i.MotorControl_task) for MotorControl_task
    main.o(i.start_task) refers to navigation.o(i.Navi_task) for Navi_task
    main.o(i.start_task) refers to posture.o(i.PostureControl_task) for PostureControl_task
    main.o(i.start_task) refers to remote_control.o(i.Rc_task) for Rc_task
    system_stm32f4xx.o(i.SystemCoreClockUpdate) refers to system_stm32f4xx.o(.data) for .data
    startup_stm32f429xx.o(STACK) refers (Special) to heapauxi.o(.text) for __use_two_region_memory
    startup_stm32f429xx.o(HEAP) refers (Special) to heapauxi.o(.text) for __use_two_region_memory
    startup_stm32f429xx.o(RESET) refers (Special) to heapauxi.o(.text) for __use_two_region_memory
    startup_stm32f429xx.o(RESET) refers to startup_stm32f429xx.o(STACK) for __initial_sp
    startup_stm32f429xx.o(RESET) refers to startup_stm32f429xx.o(.text) for Reset_Handler
    startup_stm32f429xx.o(RESET) refers to stm32f4xx_it.o(i.NMI_Handler) for NMI_Handler
    startup_stm32f429xx.o(RESET) refers to stm32f4xx_it.o(i.HardFault_Handler) for HardFault_Handler
    startup_stm32f429xx.o(RESET) refers to stm32f4xx_it.o(i.MemManage_Handler) for MemManage_Handler
    startup_stm32f429xx.o(RESET) refers to stm32f4xx_it.o(i.BusFault_Handler) for BusFault_Handler
    startup_stm32f429xx.o(RESET) refers to stm32f4xx_it.o(i.UsageFault_Handler) for UsageFault_Handler
    startup_stm32f429xx.o(RESET) refers to port.o(.emb_text) for SVC_Handler
    startup_stm32f429xx.o(RESET) refers to stm32f4xx_it.o(i.DebugMon_Handler) for DebugMon_Handler
    startup_stm32f429xx.o(RESET) refers to delay.o(i.SysTick_Handler) for SysTick_Handler
    startup_stm32f429xx.o(RESET) refers to can.o(i.CAN1_RX0_IRQHandler) for CAN1_RX0_IRQHandler
    startup_stm32f429xx.o(RESET) refers to tim.o(i.TIM3_IRQHandler) for TIM3_IRQHandler
    startup_stm32f429xx.o(RESET) refers to usart.o(i.USART1_IRQHandler) for USART1_IRQHandler
    startup_stm32f429xx.o(RESET) refers to usart.o(i.USART2_IRQHandler) for USART2_IRQHandler
    startup_stm32f429xx.o(RESET) refers to usart.o(i.USART3_IRQHandler) for USART3_IRQHandler
    startup_stm32f429xx.o(RESET) refers to can.o(i.CAN2_RX0_IRQHandler) for CAN2_RX0_IRQHandler
    startup_stm32f429xx.o(.text) refers (Special) to heapauxi.o(.text) for __use_two_region_memory
    startup_stm32f429xx.o(.text) refers to system_stm32f4xx.o(i.SystemInit) for SystemInit
    startup_stm32f429xx.o(.text) refers to __main.o(!!!main) for __main
    startup_stm32f429xx.o(.text) refers to startup_stm32f429xx.o(HEAP) for Heap_Mem
    startup_stm32f429xx.o(.text) refers to startup_stm32f429xx.o(STACK) for Stack_Mem
    stm32f4xx_hal.o(i.HAL_DeInit) refers to stm32f4xx_hal.o(i.HAL_MspDeInit) for HAL_MspDeInit
    stm32f4xx_hal.o(i.HAL_Delay) refers to stm32f4xx_hal.o(i.HAL_GetTick) for HAL_GetTick
    stm32f4xx_hal.o(i.HAL_GetTick) refers to stm32f4xx_hal.o(.data) for .data
[...]
    __fpl_dcmple_InfNaN                      0x0801567b   Thumb Code     0  dleqf.o(x$fpl$dleqf)
    __aeabi_dmul                             0x08015691   Thumb Code     0  dmul.o(x$fpl$dmul)
    _dmul                                    0x08015691   Thumb Code   332  dmul.o(x$fpl$dmul)
    __fpl_dnaninf                            0x080157e5   Thumb Code   156  dnaninf.o(x$fpl$dnaninf)
    _drem                                    0x08015881   Thumb Code   328  drem_clz.o(x$fpl$drem)
    __fpl_dretinf                            0x080159d1   Thumb Code    12  dretinf.o(x$fpl$dretinf)
    __aeabi_cdrcmple                         0x080159dd   Thumb Code     0  drleqf.o(x$fpl$drleqf)
    _drcmple                                 0x080159dd   Thumb Code   108  drleqf.o(x$fpl$drleqf)
    __aeabi_drsub                            0x08015a49   Thumb Code     0  daddsub_clz.o(x$fpl$drsb)
    _drsb                                    0x08015a49   Thumb Code    22  daddsub_clz.o(x$fpl$drsb)
    _dsqrt                                   0x08015a61   Thumb Code   404  dsqrt_umaal.o(x$fpl$dsqrt)
    __aeabi_dsub                             0x08015bf9   Thumb Code     0  daddsub_clz.o(x$fpl$dsub)
    _dsub                                    0x08015bf9   Thumb Code   464  daddsub_clz.o(x$fpl$dsub)
    __aeabi_f2d                              0x08015dcd   Thumb Code     0  f2d.o(x$fpl$f2d)
    _f2d                                     0x08015dcd   Thumb Code    86  f2d.o(x$fpl$f2d)
    __aeabi_ul2f                             0x08015e23   Thumb Code     0  ffltll_clz.o(x$fpl$ffltll)
    _ll_uto_f                                0x08015e23   Thumb Code     6  ffltll_clz.o(x$fpl$ffltll)
    __aeabi_l2f                              0x08015e29   Thumb Code     0  ffltll_clz.o(x$fpl$ffltll)
    _ll_sto_f                                0x08015e29   Thumb Code    90  ffltll_clz.o(x$fpl$ffltll)
    __fpl_fnaninf                            0x08015e83   Thumb Code   140  fnaninf.o(x$fpl$fnaninf)
    _fp_init                                 0x08015f0f   Thumb Code    10  fpinit.o(x$fpl$fpinit)
    __fplib_config_fpu_vfp                   0x08015f17   Thumb Code     0  fpinit.o(x$fpl$fpinit)
    __fplib_config_pureend_doubles           0x08015f17   Thumb Code     0  fpinit.o(x$fpl$fpinit)
    __fpl_fretinf                            0x08015f19   Thumb Code    10  fretinf.o(x$fpl$fretinf)
    __aeabi_f2lz                             0x08015f25   Thumb Code     0  ffixll.o(x$fpl$llsfromf)
    _ll_sfrom_f                              0x08015f25   Thumb Code   134  ffixll.o(x$fpl$llsfromf)
    _printf_fp_dec                           0x08015fab   Thumb Code     4  printf1.o(x$fpl$printf1)
    _printf_fp_hex                           0x08015faf   Thumb Code     4  printf2.o(x$fpl$printf2)
    __fpl_return_NaN                         0x08015fb3   Thumb Code   100  retnan.o(x$fpl$retnan)
    __ARM_scalbn                             0x08016017   Thumb Code    92  scalbn.o(x$fpl$scalbn)
    __fpl_cmpreturn                          0x08016073   Thumb Code    48  trapv.o(x$fpl$trapveneer)
    APBAHBPrescTable                         0x080160a2   Data          16  stm32f4xx_hal_rcc.o(.constdata)
    __I$use$fp                               0x080160a2   Number         0  usenofp.o(x$fpl$usenofp)
    reg                                      0x080160c4   Data          42  inv_mpu.o(.constdata)
    hw                                       0x080160ee   Data          14  inv_mpu.o(.constdata)
    test                                     0x080160fc   Data          48  inv_mpu.o(.constdata)
    ml_ver                                   0x08016f22   Data          20  mpl.o(.constdata)
    __mathlib_zero                           0x080171c8   Data           8  qnan.o(.constdata)
    Region$$Table$$Base                      0x080173ec   Number         0  anon$$obj.o(Region$$Table)
    Region$$Table$$Limit                     0x0801740c   Number         0  anon$$obj.o(Region$$Table)
    __ctype                                  0x08017435   Data           0  lc_ctype_c.o(locale$$data)
    StartTask_Handler                        0x20000000   Data           4  main.o(.data)
    MotorControlTask_Handler                 0x20000004   Data           4  main.o(.data)
    PostureControlTask_Handler               0x20000008   Data           4  main.o(.data)
    NaviTask_Handler                         0x2000000c   Data           4  main.o(.data)
    RcTask_Handler                           0x20000010   Data           4  main.o(.data)
    now_time                                 0x20000014   Data           4  main.o(.data)
    SystemCoreClock                          0x20000018   Data           4  system_stm32f4xx.o(.data)
    AHBPrescTable                            0x2000001c   Data          16  system_stm32f4xx.o(.data)
    pxCurrentTCB                             0x20000030   Data           4  tasks.o(.data)
    tri_mode                                 0x200000ac   Data           1  usart.o(.data)
    USART3_START                             0x200000b0   Data           1  usart.o(.data)
    USART2_START                             0x200000b1   Data           1  usart.o(.data)
    ps_tim                                   0x200000b2   Data           1  usart.o(.data)
    ps_stop                                  0x200000b3   Data           1  usart.o(.data)
    aRxBuffer                                0x200000b4   Data           1  usart.o(.data)
    aRxBuffer2                               0x200000b5   Data           1  usart.o(.data)
    aRxBuffer3                               0x200000b6   Data           1  usart.o(.data)
    USART_RX_STA                             0x200000b8   Data           2  usart.o(.data)
    USART2_RX_STA                            0x200000ba   Data           2  usart.o(.data)
    USART3_RX_STA                            0x200000bc   Data           2  usart.o(.data)
    ps                                       0x200000be   Data           3  usart.o(.data)
    ch                                       0x200000c4   Data           4  usart.o(.data)
    __stdout                                 0x200000c8   Data           4  usart.o(.data)
    state                                    0x200000cc   Data           1  posture.o(.data)
    jump_flag                                0x200000d0   Data           4  posture.o(.data)
    climbing_offset_flag                     0x200000d4   Data           4  posture.o(.data)
    _climbing_offset_angle                   0x200000d8   Data           4  posture.o(.data)
    climbing_zhunbei_angle                   0x200000dc   Data           4  posture.o(.data)
    x                                        0x200000e8   Data           4  posture.o(.data)
    y                                        0x200000ec   Data           4  posture.o(.data)
    theta1                                   0x200000f0   Data           4  posture.o(.data)
    theta2                                   0x200000f4   Data           4  posture.o(.data)
    _leg_active                              0x200000f8   Data          16  posture.o(.data)
    gait_gains                               0x20000108   Data          16  posture.o(.data)
    gait_params                              0x20000118   Data          24  posture.o(.data)
    state_gait_params                        0x20000130   Data         696  posture.o(.data)
    state_detached_params                    0x200003e8   Data        2304  posture.o(.data)
    LinearCorrection                         0x20000ce8   Data           4  navigation.o(.data)
    step_len_initial                         0x20000cec   Data           4  navigation.o(.data)
    step_len_dev                             0x20000cf0   Data           4  navigation.o(.data)
    yaw_set                                  0x20000cf4   Data           4  navigation.o(.data)
    normal_params_l                          0x20000cf8   Data           4  navigation.o(.data)
    normal_params_r                          0x20000cfc   Data           4  navigation.o(.data)
    tim2_js                                  0x20000d01   Data           1  tim.o(.data)
    mpl_key                                  0x20000d04   Data           4  inv_mpu.o(.data)
    temp_theta                               0x20000d58   Data           4  combinations.o(.data)
    IsMotoReadyOrNot                         0x20000d5c   Data           4  moto_ctrl.o(.data)
    pid_spd_out_limit                        0x20000d60   Data           4  moto_ctrl.o(.data)
    given_current_limit                      0x20000d64   Data           4  moto_ctrl.o(.data)
    start_time_                              0x20000d68   Data           4  jump.o(.data)
    jump_angle                               0x20000d6c   Data           4  jump.o(.data)
    jump_extension                           0x20000d70   Data           4  jump.o(.data)
    xQueueRegistry                           0x20000d84   Data          64  queue.o(.bss)
    ps_key                                   0x2000c8d0   Data          18  usart.o(.bss)
    USART_RX_BUF                             0x2000c8e2   Data         200  usart.o(.bss)
    USART_RX_BUF2                            0x2000c9aa   Data         200  usart.o(.bss)
    USART_RX_BUF3                            0x2000ca72   Data         200  usart.o(.bss)
    UART1_Handler                            0x2000cb3c   Data          64  usart.o(.bss)
    UART2_Handler                            0x2000cb7c   Data          64  usart.o(.bss)
    UART3_Handler                            0x2000cbbc   Data          64  usart.o(.bss)
    detached_params                          0x2000cbfc   Data          96  posture.o(.bss)
    SDRAM_Handler                            0x2000cc5c   Data          52  sdram.o(.bss)
    hcan1                                    0x2000cc90   Data          64  can.o(.bss)
    hcan2                                    0x2000ccd0   Data          64  can.o(.bss)
    pid_imu                                  0x2000cd10   Data         324  pid.o(.bss)
    pid_pos                                  0x2000ce54   Data         864  pid.o(.bss)
    pid_spd                                  0x2000d1b4   Data         864  pid.o(.bss)
    pid_climbing                             0x2000d514   Data         108  pid.o(.bss)
    TIM3_Handler                             0x2000d580   Data          60  tim.o(.bss)
    ref_agle                                 0x2000dc04   Data          32  moto_ctrl.o(.bss)
    temp_pid                                 0x2000dc24   Data          64  moto_ctrl.o(.bss)
    moto_chassis                             0x2000dc64   Data         384  bsp_can.o(.bss)
    moto_info                                0x2000de64   Data          48  bsp_can.o(.bss)
    imuinfo                                  0x2000de94   Data          24  bsp_uart.o(.bss)
    cb                                       0x2000deb0   Data         232  compass_vec_cal.o(.bss)
    cb_test                                  0x2000df98   Data         232  compass_vec_cal.o(.bss)
    cb_sim                                   0x2000e080   Data         232  compass_vec_cal.o(.bss)
    vc                                       0x2000e168   Data         424  compass_vec_cal.o(.bss)
    fnm                                      0x2000e310   Data         608  fast_no_motion.o(.bss)
    s9axis                                   0x2000e5b0   Data         312  fusion_9axis.o(.bss)
    mag_disturb                              0x2000e8ac   Data         184  mag_disturb.o(.bss)
    __libspace_start                         0x2000ee88   Data          96  libspace.o(.bss)
    __temporary_stack_top$libspace           0x2000eee8   Data           0  libspace.o(.bss)



==============================================================================

Memory Map of the image

  Image Entry point : 0x080001ad

  Load Region LR_IROM1 (Base: 0x08000000, Size: 0x000182bc, Max: 0x00100000, ABSOLUTE, COMPRESSED[0x00017750])

    Execution Region ER_IROM1 (Base: 0x08000000, Size: 0x00017538, Max: 0x00100000, ABSOLUTE)

    Base Addr    Size         Type   Attr      Idx    E Section Name        Object

    0x08000000   0x000001ac   Data   RO          567    RESET               startup_stm32f429xx.o
    0x080001ac   0x00000008   Code   RO        13443  * !!!main             c_w.l(__main.o)
    0x080001b4   0x00000034   Code   RO        14065    !!!scatter          c_w.l(__scatter.o)
    0x080001e8   0x00000064   Code   RO        14063    !!dclz77c           c_w.l(__dclz77c.o)
    0x0800024c   0x0000001c   Code   RO        14067    !!handler_zi        c_w.l(__scatter_zi.o)
    0x08000268   0x00000000   Code   RO        13422    .ARM.Collect$$_printf_percent$$00000000  c_w.l(_printf_percent.o)
    0x08000268   0x00000006   Code   RO        13739    .ARM.Collect$$_printf_percent$$00000001  c_w.l(_printf_n.o)
    0x0800026e   0x00000006   Code   RO        13740    .ARM.Collect$$_printf_percent$$00000002  c_w.l(_printf_p.o)
    0x08000274   0x00000006   Code   RO        13421    .ARM.Collect$$_printf_percent$$00000003  c_w.l(_printf_f.o)
    0x0800027a   0x00000006   Code   RO        13743    .ARM.Collect$$_printf_percent$$00000004  c_w.l(_printf_e.o)
    0x08000280   0x00000006   Code   RO        13744    .ARM.Collect$$_printf_percent$$00000005  c_w.l(_printf_g.o)
    0x08000286   0x00000006   Code   RO        13745    .ARM.Collect$$_printf_percent$$00000006  c_w.l(_printf_a.o)
    0x0800028c   0x0000000a   Code   RO        13750    .ARM.Collect$$_printf_percent$$00000007  c_w.l(_printf_ll.o)
    0x08000296   0x00000006   Code   RO        13742    .ARM.Collect$$_printf_percent$$00000008  c_w.l(_printf_i.o)
    0x0800029c   0x00000006   Code   RO        13419    .ARM.Collect$$_printf_percent$$00000009  c_w.l(_printf_d.o)
    0x080002a2   0x00000006   Code   RO        13420    .ARM.Collect$$_printf_percent$$0000000A  c_w.l(_printf_u.o)
    0x080002a8   0x00000006   Code   RO        13741    .ARM.Collect$$_printf_percent$$0000000B  c_w.l(_printf_o.o)
    0x080002ae   0x00000006   Code   RO        13418    .ARM.Collect$$_printf_percent$$0000000C  c_w.l(_printf_x.o)
    0x080002b4   0x00000006   Code   RO        13747    .ARM.Collect$$_printf_percent$$0000000D  c_w.l(_printf_lli.o)
    0x080002ba   0x00000006   Code   RO        13748    .ARM.Collect$$_printf_percent$$0000000E  c_w.l(_printf_lld.o)
    0x080002c0   0x00000006   Code   RO        13749    .ARM.Collect$$_printf_percent$$0000000F  c_w.l(_printf_llu.o)
    0x080002c6   0x00000006   Code   RO        13754    .ARM.Collect$$_printf_percent$$00000010  c_w.l(_printf_llo.o)
    0x080002cc   0x00000006   Code   RO        13755    .ARM.Collect$$_printf_percent$$00000011  c_w.l(_printf_llx.o)
    0x080002d2   0x0000000a   Code   RO        13751    .ARM.Collect$$_printf_percent$$00000012  c_w.l(_printf_l.o)
    0x080002dc   0x00000006   Code   RO        13416    .ARM.Collect$$_printf_percent$$00000013  c_w.l(_printf_c.o)
    0x080002e2   0x00000006   Code   RO        13417    .ARM.Collect$$_printf_percent$$00000014  c_w.l(_printf_s.o)
    0x080002e8   0x00000006   Code   RO        13752    .ARM.Collect$$_printf_percent$$00000015  c_w.l(_printf_lc.o)
    0x080002ee   0x00000006   Code   RO        13753    .ARM.Collect$$_printf_percent$$00000016  c_w.l(_printf_ls.o)
    0x080002f4   0x00000004   Code   RO        13746    .ARM.Collect$$_printf_percent$$00000017  c_w.l(_printf_percent_end.o)
    0x080002f8   0x00000002   Code   RO        13929    .ARM.Collect$$libinit$$00000000  c_w.l(libinit.o)
    0x080002fa   0x00000004   Code   RO        13930    .ARM.Collect$$libinit$$00000001  c_w.l(libinit2.o)
    0x080002fe   0x00000000   Code   RO        13933    .ARM.Collect$$libinit$$00000004  c_w.l(libinit2.o)
    0x080002fe   0x00000000   Code   RO        13936    .ARM.Collect$$libinit$$0000000A  c_w.l(libinit2.o)
    0x080002fe   0x00000000   Code   RO        13938    .ARM.Collect$$libinit$$0000000C  c_w.l(libinit2.o)
    0x080002fe   0x00000000   Code   RO        13940    .ARM.Collect$$libinit$$0000000E  c_w.l(libinit2.o)
    0x080002fe   0x00000006   Code   RO        13941    .ARM.Collect$$libinit$$0000000F  c_w.l(libinit2.o)
    0x08000304   0x00000000   Code   RO        13943    .ARM.Collect$$libinit$$00000011  c_w.l(libinit2.o)
    0x08000304   0x0000000c   Code   RO        13944    .ARM.Collect$$libinit$$00000012  c_w.l(libinit2.o)
    0x08000310   0x00000000   Code   RO        13945    .ARM.Collect$$libinit$$00000013  c_w.l(libinit2.o)
    0x08000310   0x00000000   Code   RO        13947    .ARM.Collect$$libinit$$00000015  c_w.l(libinit2.o)
    0x08000310   0x0000000a   Code   RO        13948    .ARM.Collect$$libinit$$00000016  c_w.l(libinit2.o)
    0x0800031a   0x00000000   Code   RO        13949    .ARM.Collect$$libinit$$00000017  c_w.l(libinit2.o)
    0x0800031a   0x00000000   Code   RO        13951    .ARM.Collect$$libinit$$00000019  c_w.l(libinit2.o)
    0x0800031a   0x00000000   Code   RO        13953    .ARM.Collect$$libinit$$0000001B  c_w.l(libinit2.o)
    0x0800031a   0x00000000   Code   RO        13955    .ARM.Collect$$libinit$$0000001D  c_w.l(libinit2.o)
    0x0800031a   0x00000000   Code   RO        13957    .ARM.Collect$$libinit$$0000001F  c_w.l(libinit2.o)
    0x0800031a   0x00000000   Code   RO        13959    .ARM.Collect$$libinit$$00000021  c_w.l(libinit2.o)
    0x0800031a   0x00000000   Code   RO        13961    .ARM.Collect$$libinit$$00000023  c_w.l(libinit2.o)
    0x0800031a   0x00000000   Code   RO        13963    .ARM.Collect$$libinit$$00000025  c_w.l(libinit2.o)
    0x0800031a   0x00000000   Code   RO        13967    .ARM.Collect$$libinit$$0000002C  c_w.l(libinit2.o)
    0x0800031a   0x00000000   Code   RO        13969    .ARM.Collect$$libinit$$0000002E  c_w.l(libinit2.o)
    0x0800031a   0x00000000   Code   RO        13971    .ARM.Collect$$libinit$$00000030  c_w.l(libinit2.o)
    0x0800031a   0x00000000   Code   RO        13973    .ARM.Collect$$libinit$$00000032  c_w.l(libinit2.o)
    0x0800031a   0x00000002   Code   RO        13974    .ARM.Collect$$libinit$$00000033  c_w.l(libinit2.o)
    0x0800031c   0x00000002   Code   RO        14023    .ARM.Collect$$libshutdown$$00000000  c_w.l(libshutdown.o)
    0x0800031e   0x00000000   Code   RO        14032    .ARM.Collect$$libshutdown$$00000002  c_w.l(libshutdown2.o)
    0x0800031e   0x00000000   Code   RO        14034    .ARM.Collect$$libshutdown$$00000004  c_w.l(libshutdown2.o)
    0x0800031e   0x00000000   Code   RO        14037    .ARM.Collect$$libshutdown$$00000007  c_w.l(libshutdown2.o)
    0x0800031e   0x00000000   Code   RO        14040    .ARM.Collect$$libshutdown$$0000000A  c_w.l(libshutdown2.o)
    0x0800031e   0x00000000   Code   RO        14042    .ARM.Collect$$libshutdown$$0000000C  c_w.l(libshutdown2.o)
    0x0800031e   0x00000000   Code   RO        14045    .ARM.Collect$$libshutdown$$0000000F  c_w.l(libshutdown2.o)
    0x0800031e   0x00000002   Code   RO        14046    .ARM.Collect$$libshutdown$$00000010  c_w.l(libshutdown2.o)
    0x08000320   0x00000000   Code   RO        13707    .ARM.Collect$$rtentry$$00000000  c_w.l(__rtentry.o)
    0x08000320   0x00000000   Code   RO        13834    .ARM.Collect$$rtentry$$00000002  c_w.l(__rtentry2.o)
    0x08000320   0x00000006   Code   RO        13846    .ARM.Collect$$rtentry$$00000004  c_w.l(__rtentry4.o)
    0x08000326   0x00000000   Code   RO        13836    .ARM.Collect$$rtentry$$00000009  c_w.l(__rtentry2.o)
    0x08000326   0x00000004   Code   RO        13837    .ARM.Collect$$rtentry$$0000000A  c_w.l(__rtentry2.o)
    0x0800032a   0x00000000   Code   RO        13839    .ARM.Collect$$rtentry$$0000000C  c_w.l(__rtentry2.o)
    0x0800032a   0x00000008   Code   RO        13840    .ARM.Collect$$rtentry$$0000000D  c_w.l(__rtentry2.o)
    0x08000332   0x00000002   Code   RO        13977    .ARM.Collect$$rtexit$$00000000  c_w.l(rtexit.o)
    0x08000334   0x00000000   Code   RO        13993    .ARM.Collect$$rtexit$$00000002  c_w.l(rtexit2.o)
    0x08000334   0x00000004   Code   RO        13994    .ARM.Collect$$rtexit$$00000003  c_w.l(rtexit2.o)
    0x08000338   0x00000006   Code   RO        13995    .ARM.Collect$$rtexit$$00000004  c_w.l(rtexit2.o)
    0x0800033e   0x00000002   PAD
    0x08000340   0x000000b6   Code   RO         9309    .emb_text           port.o
    0x080003f6   0x00000002   PAD
    0x080003f8   0x00000040   Code   RO          568    .text               startup_stm32f429xx.o
    0x08000438   0x000024f0   Code   RO        13115    .text               libmpllib.lib(compass_vec_cal.o)
    0x08002928   0x00000a18   Code   RO        13205    .text               libmpllib.lib(fast_no_motion.o)
    0x08003340   0x000006b0   Code   RO        13238    .text               libmpllib.lib(fusion_9axis.o)
    0x080039f0   0x000004c4   Code   RO        13260    .text               libmpllib.lib(gyro_tc.o)
    0x08003eb4   0x000005c0   Code   RO        13278    .text               libmpllib.lib(mag_disturb.o)
    0x08004474   0x00000994   Code   RO        13300    .text               libmpllib.lib(quaternion_supervisor.o)
    0x08004e08   0x00000c44   Code   RO        13318    .text               libmpllib.lib(accel_auto_cal.o)
    0x08005a4c   0x00000002   Code   RO        13349    .text               c_w.l(use_no_semi_2.o)
    0x08005a4e   0x00000026   Code   RO        13351    .text               c_w.l(llshl.o)
    0x08005a74   0x00000026   Code   RO        13353    .text               c_w.l(llsshr.o)
    0x08005a9a   0x00000048   Code   RO        13355    .text               c_w.l(llsdiv.o)
    0x08005ae2   0x00000002   PAD
    0x08005ae4   0x00000024   Code   RO        13357    .text               c_w.l(vsprintf.o)
    0x08005b08   0x00000018   Code   RO        13359    .text               c_w.l(__2printf.o)
    0x08005b20   0x0000004e   Code   RO        13369    .text               c_w.l(_printf_pad.o)
    0x08005b6e   0x00000052   Code   RO        13371    .text               c_w.l(_printf_str.o)
    0x08005bc0   0x00000078   Code   RO        13373    .text               c_w.l(_printf_dec.o)
    0x08005c38   0x00000094   Code   RO        13393    .text               c_w.l(_printf_hex_int_ll_ptr.o)
    0x08005ccc   0x00000188   Code   RO        13413    .text               c_w.l(__printf_flags_ss_wp.o)
    0x08005e54   0x00000058   Code   RO        13423    .text               c_w.l(memcmp.o)
    0x08005eac   0x0000008a   Code   RO        13429    .text               c_w.l(rt_memcpy_v6.o)
    0x08005f36   0x00000064   Code   RO        13431    .text               c_w.l(rt_memcpy_w.o)
    0x08005f9a   0x0000007a   Code   RO        13433    .text               c_w.l(rt_memmove_w.o)
    0x08006014   0x00000010   Code   RO        13435    .text               c_w.l(aeabi_memset.o)
    0x08006024   0x00000044   Code   RO        13437    .text               c_w.l(rt_memclr.o)
    0x08006068   0x0000004e   Code   RO        13439    .text               c_w.l(rt_memclr_w.o)
    0x080060b6   0x00000006   Code   RO        13441    .text               c_w.l(heapauxi.o)
    0x080060bc   0x00000002   Code   RO        13705    .text               c_w.l(use_no_semi.o)
    0x080060be   0x000000ee   Code   RO        13708    .text               c_w.l(lludivv7m.o)
    0x080061ac   0x00000016   Code   RO        13710    .text               c_w.l(_rserrno.o)
    0x080061c2   0x00000024   Code   RO        13712    .text               c_w.l(_printf_truncate.o)
    0x080061e6   0x000000b2   Code   RO        13714    .text               c_w.l(_printf_intcommon.o)
    0x08006298   0x00000028   Code   RO        13716    .text               c_w.l(_printf_charcount.o)
    0x080062c0   0x0000041a   Code   RO        13718    .text               c_w.l(_printf_fp_dec.o)
    0x080066da   0x00000002   PAD
    0x080066dc   0x00000030   Code   RO        13720    .text               c_w.l(_printf_char_common.o)
    0x0800670c   0x0000000a   Code   RO        13722    .text               c_w.l(_sputc.o)
    0x08006716   0x0000002c   Code   RO        13724    .text               c_w.l(_printf_char.o)
    0x08006742   0x00000002   PAD
    0x08006744   0x00000024   Code   RO        13726    .text               c_w.l(_printf_char_file.o)
    0x08006768   0x000000bc   Code   RO        13728    .text               c_w.l(_printf_wctomb.o)
    0x08006824   0x0000007c   Code   RO        13731    .text               c_w.l(_printf_longlong_dec.o)
    0x080068a0   0x00000070   Code   RO        13737    .text               c_w.l(_printf_oct_int_ll.o)
    0x08006910   0x00000008   Code   RO        13855    .text               c_w.l(rt_locale_intlibspace.o)
    0x08006918   0x00000008   Code   RO        13860    .text               c_w.l(rt_errno_addr_intlibspace.o)
    0x08006920   0x0000008a   Code   RO        13862    .text               c_w.l(lludiv10.o)
    0x080069aa   0x00000002   PAD
    0x080069ac   0x000002fc   Code   RO        13864    .text               c_w.l(_printf_fp_hex.o)
    0x08006ca8   0x00000080   Code   RO        13867    .text               c_w.l(_printf_fp_infnan.o)
    0x08006d28   0x0000002c   Code   RO        13871    .text               c_w.l(_printf_wchar.o)
    0x08006d54   0x000000dc   Code   RO        13873    .text               c_w.l(bigflt0.o)
    0x08006e30   0x00000008   Code   RO        13898    .text               c_w.l(ferror.o)
    0x08006e38   0x00000040   Code   RO        13902    .text               c_w.l(_wcrtomb.o)
    0x08006e78   0x00000008   Code   RO        13911    .text               c_w.l(libspace.o)
    0x08006e80   0x0000004a   Code   RO        13914    .text               c_w.l(sys_stackheap_outer.o)
    0x08006eca   0x00000002   PAD
    0x08006ecc   0x00000010   Code   RO        13916    .text               c_w.l(rt_ctype_table.o)
    0x08006edc   0x00000012   Code   RO        13920    .text               c_w.l(exit.o)
    0x08006eee   0x00000002   PAD
    0x08006ef0   0x00000080   Code   RO        13922    .text               c_w.l(strcmpv7m.o)
    0x08006f70   0x0000003e   Code   RO        13876    CL$$btod_d2e        c_w.l(btod.o)
    0x08006fae   0x00000046   Code   RO        13878    CL$$btod_d2e_denorm_low  c_w.l(btod.o)
    0x08006ff4   0x00000060   Code   RO        13877    CL$$btod_d2e_norm_op1  c_w.l(btod.o)
    0x08007054   0x00000338   Code   RO        13886    CL$$btod_div_common  c_w.l(btod.o)
    0x0800738c   0x000000c6   Code   RO        13883    CL$$btod_e2e        c_w.l(btod.o)
    0x08007452   0x00000028   Code   RO        13880    CL$$btod_ediv       c_w.l(btod.o)
    0x0800747a   0x00000028   Code   RO        13879    CL$$btod_emul       c_w.l(btod.o)
    0x080074a2   0x00000244   Code   RO        13885    CL$$btod_mult_common  c_w.l(btod.o)
    0x080076e6   0x00000002   Code   RO          369    i.BusFault_Handler  stm32f4xx_it.o
    0x080076e8   0x00000064   Code   RO        10170    i.CAN1_Mode_Init    can.o
    0x0800774c   0x0000000c   Code   RO        10171    i.CAN1_RX0_IRQHandler  can.o
    0x08007758   0x00000034   Code   RO        10172    i.CAN1_Receive_Msg  can.o
    0x0800778c   0x00000044   Code   RO        10173    i.CAN1_Send_Msg     can.o
    0x080077d0   0x00000064   Code   RO        10174    i.CAN2_Mode_Init    can.o
    0x08007834   0x0000000c   Code   RO        10175    i.CAN2_RX0_IRQHandler  can.o
    0x08007840   0x00000034   Code   RO        10176    i.CAN2_Receive_Msg  can.o
    0x08007874   0x00000044   Code   RO        10177    i.CAN2_Send_Msg     can.o
    0x080078b8   0x00000126   Code   RO         1008    i.CAN_Receive_IT    stm32f4xx_hal_can.o
    0x080079de   0x00000060   Code   RO         1009    i.CAN_Transmit_IT   stm32f4xx_hal_can.o
    0x08007a3e   0x00000002   PAD
    0x08007a40   0x00000380   Code   RO         9655    i.CartesianToTheta  posture.o
    0x08007dc0   0x0000006c   Code   RO         9656    i.ChangeTheGainsOfPD  posture.o
    0x08007e2c   0x00000022   Code   RO         9657    i.CommandAllLegs    posture.o
    0x08007e4e   0x0000001e   Code   RO         9658    i.CommandAllLegs_v  posture.o
    0x08007e6c   0x00000034   Code   RO         9659    i.CoupledMoveLeg    posture.o
    0x08007ea0   0x00000002   Code   RO          370    i.DebugMon_Handler  stm32f4xx_it.o
    0x08007ea2   0x00000002   PAD
    0x08007ea4   0x00000104   Code   RO        13042    i.ExecuteJump       jump.o
    0x08007fa8   0x00000230   Code   RO        13043    i.ExecuteJumpdown   jump.o
    0x080081d8   0x000001e0   Code   RO        13044    i.ExecuteJumpup     jump.o
    0x080083b8   0x0000004c   Code   RO         7758    i.FMC_SDRAM_Init    stm32f4xx_ll_fmc.o
    0x08008404   0x0000000c   Code   RO         7759    i.FMC_SDRAM_ProgramRefreshRate  stm32f4xx_ll_fmc.o
    0x08008410   0x00000048   Code   RO         7760    i.FMC_SDRAM_SendCommand  stm32f4xx_ll_fmc.o
    0x08008458   0x0000007c   Code   RO         7762    i.FMC_SDRAM_Timing_Init  stm32f4xx_ll_fmc.o
    0x080084d4   0x000000e4   Code   RO         1010    i.HAL_CAN_ConfigFilter  stm32f4xx_hal_can.o
    0x080085b8   0x00000002   Code   RO         1012    i.HAL_CAN_ErrorCallback  stm32f4xx_hal_can.o
    0x080085ba   0x00000002   PAD
    0x080085bc   0x00000180   Code   RO         1015    i.HAL_CAN_IRQHandler  stm32f4xx_hal_can.o
    0x0800873c   0x00000144   Code   RO         1016    i.HAL_CAN_Init      stm32f4xx_hal_can.o
    0x08008880   0x000000cc   Code   RO        10178    i.HAL_CAN_MspInit   can.o
    0x0800894c   0x00000140   Code   RO         1019    i.HAL_CAN_Receive   stm32f4xx_hal_can.o
    0x08008a8c   0x00000084   Code   RO         1020    i.HAL_CAN_Receive_IT  stm32f4xx_hal_can.o
    0x08008b10   0x00000058   Code   RO        10179    i.HAL_CAN_RxCpltCallback  can.o
    0x08008b68   0x00000174   Code   RO         1023    i.HAL_CAN_Transmit  stm32f4xx_hal_can.o
    0x08008cdc   0x00000002   Code   RO         1025    i.HAL_CAN_TxCpltCallback  stm32f4xx_hal_can.o
    0x08008cde   0x00000002   PAD
    0x08008ce0   0x000001dc   Code   RO         2438    i.HAL_GPIO_Init     stm32f4xx_hal_gpio.o
    0x08008ebc   0x0000000a   Code   RO         2442    i.HAL_GPIO_WritePin  stm32f4xx_hal_gpio.o
    0x08008ec6   0x00000002   PAD
    0x08008ec8   0x0000000c   Code   RO          590    i.HAL_GetTick       stm32f4xx_hal.o
    0x08008ed4   0x00000010   Code   RO          591    i.HAL_IncTick       stm32f4xx_hal.o
    0x08008ee4   0x00000034   Code   RO          592    i.HAL_Init          stm32f4xx_hal.o
    0x08008f18   0x00000022   Code   RO          593    i.HAL_InitTick      stm32f4xx_hal.o
    0x08008f3a   0x00000008   Code   RO          595    i.HAL_MspInit       stm32f4xx_hal.o
    0x08008f42   0x00000016   Code   RO         1159    i.HAL_NVIC_EnableIRQ  stm32f4xx_hal_cortex.o
    0x08008f58   0x00000040   Code   RO         1165    i.HAL_NVIC_SetPriority  stm32f4xx_hal_cortex.o
    0x08008f98   0x00000024   Code   RO         1166    i.HAL_NVIC_SetPriorityGrouping  stm32f4xx_hal_cortex.o
    0x08008fbc   0x00000088   Code   RO         4439    i.HAL_PWREx_EnableOverDrive  stm32f4xx_hal_pwr_ex.o
    0x08009044   0x00000208   Code   RO         4524    i.HAL_RCC_ClockConfig  stm32f4xx_hal_rcc.o
    0x0800924c   0x00000034   Code   RO         4529    i.HAL_RCC_GetHCLKFreq  stm32f4xx_hal_rcc.o
    0x08009280   0x0000002c   Code   RO         4531    i.HAL_RCC_GetPCLK1Freq  stm32f4xx_hal_rcc.o
    0x080092ac   0x0000002c   Code   RO         4532    i.HAL_RCC_GetPCLK2Freq  stm32f4xx_hal_rcc.o
    0x080092d8   0x00000074   Code   RO         4533    i.HAL_RCC_GetSysClockFreq  stm32f4xx_hal_rcc.o
    0x0800934c   0x0000031c   Code   RO         4536    i.HAL_RCC_OscConfig  stm32f4xx_hal_rcc.o
    0x08009668   0x00000042   Code   RO         5659    i.HAL_SDRAM_Init    stm32f4xx_hal_sdram.o
    0x080096aa   0x00000002   PAD
    0x080096ac   0x000000dc   Code   RO        10014    i.HAL_SDRAM_MspInit  sdram.o
    0x08009788   0x00000022   Code   RO         5662    i.HAL_SDRAM_ProgramRefreshRate  stm32f4xx_hal_sdram.o
    0x080097aa   0x0000002e   Code   RO         5668    i.HAL_SDRAM_SendCommand  stm32f4xx_hal_sdram.o
    0x080097d8   0x00000018   Code   RO         1168    i.HAL_SYSTICK_CLKSourceConfig  stm32f4xx_hal_cortex.o
    0x080097f0   0x00000028   Code   RO         1170    i.HAL_SYSTICK_Config  stm32f4xx_hal_cortex.o
    0x08009818   0x00000002   Code   RO         6966    i.HAL_TIMEx_BreakCallback  stm32f4xx_hal_tim_ex.o
    0x0800981a   0x00000002   Code   RO         6967    i.HAL_TIMEx_CommutationCallback  stm32f4xx_hal_tim_ex.o
    0x0800981c   0x00000036   Code   RO         6337    i.HAL_TIM_Base_Init  stm32f4xx_hal_tim.o
    0x08009852   0x00000002   PAD
    0x08009854   0x0000003c   Code   RO        10344    i.HAL_TIM_Base_MspInit  tim.o
    0x08009890   0x00000018   Code   RO         6342    i.HAL_TIM_Base_Start_IT  stm32f4xx_hal_tim.o
    0x080098a8   0x00000002   Code   RO         6366    i.HAL_TIM_IC_CaptureCallback  stm32f4xx_hal_tim.o
    0x080098aa   0x00000166   Code   RO         6379    i.HAL_TIM_IRQHandler  stm32f4xx_hal_tim.o
    0x08009a10   0x00000002   Code   RO         6382    i.HAL_TIM_OC_DelayElapsedCallback  stm32f4xx_hal_tim.o
    0x08009a12   0x00000002   Code   RO         6409    i.HAL_TIM_PWM_PulseFinishedCallback  stm32f4xx_hal_tim.o
    0x08009a14   0x0000009c   Code   RO        10345    i.HAL_TIM_PeriodElapsedCallback  tim.o
    0x08009ab0   0x00000002   Code   RO         6420    i.HAL_TIM_TriggerCallback  stm32f4xx_hal_tim.o
    0x08009ab2   0x00000002   Code   RO         7217    i.HAL_UART_ErrorCallback  stm32f4xx_hal_uart.o
    0x08009ab4   0x00000006   Code   RO         7219    i.HAL_UART_GetState  stm32f4xx_hal_uart.o
    0x08009aba   0x000000f4   Code   RO         7220    i.HAL_UART_IRQHandler  stm32f4xx_hal_uart.o
    0x08009bae   0x0000005e   Code   RO         7221    i.HAL_UART_Init     stm32f4xx_hal_uart.o
    0x08009c0c   0x00000128   Code   RO         9476    i.HAL_UART_MspInit  usart.o
    0x08009d34   0x00000068   Code   RO         7226    i.HAL_UART_Receive_IT  stm32f4xx_hal_uart.o
    0x08009d9c   0x00000184   Code   RO         9477    i.HAL_UART_RxCpltCallback  usart.o
    0x08009f20   0x000000c8   Code   RO         7229    i.HAL_UART_Transmit  stm32f4xx_hal_uart.o
    0x08009fe8   0x00000002   Code   RO         7232    i.HAL_UART_TxCpltCallback  stm32f4xx_hal_uart.o
    0x08009fea   0x00000002   Code   RO          371    i.HardFault_Handler  stm32f4xx_it.o
    0x08009fec   0x00000040   Code   RO         9851    i.IIC_Ack           myiic.o
    0x0800a02c   0x00000048   Code   RO         9852    i.IIC_Init          myiic.o
    0x0800a074   0x00000040   Code   RO         9853    i.IIC_NAck          myiic.o
    0x0800a0b4   0x00000068   Code   RO         9854    i.IIC_Read_Byte     myiic.o
    0x0800a11c   0x00000060   Code   RO         9855    i.IIC_Send_Byte     myiic.o
    0x0800a17c   0x00000040   Code   RO         9856    i.IIC_Start         myiic.o
    0x0800a1bc   0x00000040   Code   RO         9857    i.IIC_Stop          myiic.o
    0x0800a1fc   0x00000054   Code   RO         9858    i.IIC_Wait_Ack      myiic.o
    0x0800a250   0x00000080   Code   RO         9576    i.KEY_Init          key.o
    0x0800a2d0   0x0000004c   Code   RO         9607    i.LED_Init          led.o
    0x0800a31c   0x00000032   Code   RO         9919    i.MPU_Get_Gyroscope  mpu9250.o
    0x0800a34e   0x0000006a   Code   RO         9923    i.MPU_Read_Len      mpu9250.o
    0x0800a3b8   0x00000052   Code   RO         9929    i.MPU_Write_Len     mpu9250.o
    0x0800a40a   0x00000002   Code   RO          372    i.MemManage_Handler  stm32f4xx_it.o
    0x0800a40c   0x00000144   Code   RO        12452    i.MiddlePosToEndPos  combinations.o
    0x0800a550   0x00000006   Code   RO        12567    i.MotorControl_task  moto_ctrl.o
    0x0800a556   0x00000002   Code   RO          373    i.NMI_Handler       stm32f4xx_it.o
    0x0800a558   0x00000020   Code   RO         1172    i.NVIC_SetPriority  stm32f4xx_hal_cortex.o
    0x0800a578   0x00000006   Code   RO        10066    i.Navi_task         navigation.o
    0x0800a57e   0x00000002   PAD
    0x0800a580   0x00000018   Code   RO        10255    i.PID_struct_init   pid.o
    0x0800a598   0x000003f0   Code   RO         9660    i.PostureControl_task  posture.o
    0x0800a988   0x0000014c   Code   RO        10125    i.Rc_task           remote_control.o
    0x0800aad4   0x0000009c   Code   RO        10015    i.SDRAM_Init        sdram.o
    0x0800ab70   0x00000034   Code   RO        10016    i.SDRAM_Send_Cmd    sdram.o
    0x0800aba4   0x00000270   Code   RO         9661    i.SetCoupledPosition  posture.o
    0x0800ae14   0x0000004e   Code   RO        10256    i.SetM3508          pid.o
    0x0800ae62   0x0000004e   Code   RO        10257    i.SetM35082         pid.o
    0x0800aeb0   0x000001bc   Code   RO         9662    i.SinTrajectory     posture.o
    0x0800b06c   0x00000018   Code   RO        13047    i.StartJumpshuiping  jump.o
    0x0800b084   0x000001e8   Code   RO        12454    i.StartPosToMiddlePos  combinations.o
    0x0800b26c   0x00000084   Code   RO         9449    i.Stm32_Clock_Init  sys.o
    0x0800b2f0   0x00000016   Code   RO         9398    i.SysTick_Handler   delay.o
    0x0800b306   0x00000002   PAD
    0x0800b308   0x00000054   Code   RO          430    i.SystemInit        system_stm32f4xx.o
    0x0800b35c   0x0000000c   Code   RO        10347    i.TIM3_IRQHandler   tim.o
    0x0800b368   0x0000002c   Code   RO        10348    i.TIM3_Init         tim.o
    0x0800b394   0x000000c0   Code   RO         6421    i.TIM_Base_SetConfig  stm32f4xx_hal_tim.o
    0x0800b454   0x000000a6   Code   RO         7239    i.UART_Receive_IT   stm32f4xx_hal_uart.o
    0x0800b4fa   0x00000002   PAD
    0x0800b4fc   0x00000174   Code   RO         7240    i.UART_SetConfig    stm32f4xx_hal_uart.o
    0x0800b670   0x00000066   Code   RO         7241    i.UART_Transmit_IT  stm32f4xx_hal_uart.o
    0x0800b6d6   0x00000092   Code   RO         7242    i.UART_WaitOnFlagUntilTimeout  stm32f4xx_hal_uart.o
    0x0800b768   0x00000044   Code   RO         9478    i.USART1_IRQHandler  usart.o
    0x0800b7ac   0x00000044   Code   RO         9479    i.USART2_IRQHandler  usart.o
    0x0800b7f0   0x0000002c   Code   RO         9480    i.USART3_IRQHandler  usart.o
    0x0800b81c   0x00000002   Code   RO          374    i.UsageFault_Handler  stm32f4xx_it.o
    0x0800b81e   0x00000096   Code   RO        11067    i._MLPrintLog       log_stm32.o
    0x0800b8b4   0x00000030   Code   RO        13798    i.__ARM_fpclassify  m_wm.l(fpclassify.o)
    0x0800b8e4   0x00000026   Code   RO        13800    i.__ARM_fpclassifyf  m_wm.l(fpclassifyf.o)
    0x0800b90a   0x00000006   PAD
    0x0800b910   0x00000358   Code   RO        13485    i.__hardfp_acos     m_wm.l(acos.o)
    0x0800bc68   0x00000118   Code   RO        13499    i.__hardfp_acosf    m_wm.l(acosf.o)
    0x0800bd80   0x00000360   Code   RO        13511    i.__hardfp_asin     m_wm.l(asin.o)
    0x0800c0e0   0x00000250   Code   RO        13563    i.__hardfp_atan2f   m_wm.l(atan2f.o)
    0x0800c330   0x000000c8   Code   RO        13581    i.__hardfp_cos      m_wm.l(cos.o)
    0x0800c3f8   0x00000150   Code   RO        13593    i.__hardfp_cosf     m_wm.l(cosf.o)
    0x0800c548   0x00000014   Code   RO        13605    i.__hardfp_fabs     m_wm.l(fabs.o)
    0x0800c55c   0x00000104   Code   RO        13617    i.__hardfp_fmod     m_wm.l(fmod.o)
    0x0800c660   0x000003c4   Code   RO        13629    i.__hardfp_log      m_wm.l(log.o)
    0x0800ca24   0x00000004   PAD
    0x0800ca28   0x00000c50   Code   RO        13643    i.__hardfp_pow      m_wm.l(pow.o)
    0x0800d678   0x000000c8   Code   RO        13657    i.__hardfp_sin      m_wm.l(sin.o)
    0x0800d740   0x00000190   Code   RO        13669    i.__hardfp_sinf     m_wm.l(sinf.o)
    0x0800d8d0   0x0000007a   Code   RO        13681    i.__hardfp_sqrt     m_wm.l(sqrt.o)
    0x0800d94a   0x0000003a   Code   RO        13693    i.__hardfp_sqrtf    m_wm.l(sqrtf.o)
    0x0800d984   0x00000004   PAD
    0x0800d988   0x00000438   Code   RO        13819    i.__ieee754_rem_pio2  m_wm.l(rred.o)
    0x0800ddc0   0x00000170   Code   RO        13781    i.__kernel_cos      m_wm.l(cos_i.o)
    0x0800df30   0x000000f8   Code   RO        13816    i.__kernel_poly     m_wm.l(poly.o)
    0x0800e028   0x00000130   Code   RO        13827    i.__kernel_sin      m_wm.l(sin_i.o)
    0x0800e158   0x00000030   Code   RO        13784    i.__mathlib_dbl_divzero  m_wm.l(dunder.o)
    0x0800e188   0x00000014   Code   RO        13785    i.__mathlib_dbl_infnan  m_wm.l(dunder.o)
    0x0800e19c   0x00000014   Code   RO        13786    i.__mathlib_dbl_infnan2  m_wm.l(dunder.o)
    0x0800e1b0   0x00000020   Code   RO        13787    i.__mathlib_dbl_invalid  m_wm.l(dunder.o)
    0x0800e1d0   0x00000020   Code   RO        13788    i.__mathlib_dbl_overflow  m_wm.l(dunder.o)
    0x0800e1f0   0x00000020   Code   RO        13790    i.__mathlib_dbl_underflow  m_wm.l(dunder.o)
    0x0800e210   0x00000006   Code   RO        13803    i.__mathlib_flt_infnan  m_wm.l(funder.o)
    0x0800e216   0x00000006   Code   RO        13804    i.__mathlib_flt_infnan2  m_wm.l(funder.o)
    0x0800e21c   0x00000010   Code   RO        13805    i.__mathlib_flt_invalid  m_wm.l(funder.o)
    0x0800e22c   0x00000010   Code   RO        13808    i.__mathlib_flt_underflow  m_wm.l(funder.o)
    0x0800e23c   0x00000154   Code   RO        13824    i.__mathlib_rredf2  m_wm.l(rredf.o)
    0x0800e390   0x00000030   Code   RO        12103    i.__print_result_location  mpl.o
    0x0800e3c0   0x0000000e   Code   RO        13406    i._is_digit         c_w.l(__printf_wp.o)
    0x0800e3ce   0x00000002   Code   RO         9481    i._sys_exit         usart.o
    0x0800e3d0   0x0000002a   Code   RO        10258    i.abs_limit         pid.o
    0x0800e3fa   0x00000002   PAD
    0x0800e3fc   0x000004b0   Code   RO        10402    i.accel_6500_self_test  inv_mpu.o
    0x0800e8ac   0x00000118   Code   RO        10403    i.compass_self_test  inv_mpu.o
    0x0800e9c4   0x00000038   Code   RO         9399    i.delay_init        delay.o
    0x0800e9fc   0x00000038   Code   RO         9400    i.delay_ms          delay.o
    0x0800ea34   0x00000034   Code   RO         9401    i.delay_us          delay.o
    0x0800ea68   0x0000003a   Code   RO        10882    i.dmp_enable_6x_lp_quat  inv_mpu_dmp_motion_driver.o
    0x0800eaa2   0x00000002   PAD
    0x0800eaa4   0x000001dc   Code   RO        10883    i.dmp_enable_feature  inv_mpu_dmp_motion_driver.o
    0x0800ec80   0x00000038   Code   RO        10884    i.dmp_enable_gyro_cal  inv_mpu_dmp_motion_driver.o
    0x0800ecb8   0x0000003a   Code   RO        10885    i.dmp_enable_lp_quat  inv_mpu_dmp_motion_driver.o
    0x0800ecf2   0x00000002   PAD
    0x0800ecf4   0x00000014   Code   RO        10890    i.dmp_load_motion_driver_firmware  inv_mpu_dmp_motion_driver.o
    0x0800ed08   0x0000014c   Code   RO        10891    i.dmp_read_fifo     inv_mpu_dmp_motion_driver.o
    0x0800ee54   0x000000d8   Code   RO        10894    i.dmp_set_accel_bias  inv_mpu_dmp_motion_driver.o
    0x0800ef2c   0x00000064   Code   RO        10895    i.dmp_set_fifo_rate  inv_mpu_dmp_motion_driver.o
    0x0800ef90   0x000000cc   Code   RO        10896    i.dmp_set_gyro_bias  inv_mpu_dmp_motion_driver.o
    0x0800f05c   0x0000010c   Code   RO        10898    i.dmp_set_orientation  inv_mpu_dmp_motion_driver.o
    0x0800f168   0x00000030   Code   RO        10901    i.dmp_set_shake_reject_thresh  inv_mpu_dmp_motion_driver.o
    0x0800f198   0x00000020   Code   RO        10902    i.dmp_set_shake_reject_time  inv_mpu_dmp_motion_driver.o
    0x0800f1b8   0x00000020   Code   RO        10903    i.dmp_set_shake_reject_timeout  inv_mpu_dmp_motion_driver.o
    0x0800f1d8   0x00000040   Code   RO        10904    i.dmp_set_tap_axes  inv_mpu_dmp_motion_driver.o
    0x0800f218   0x00000022   Code   RO        10905    i.dmp_set_tap_count  inv_mpu_dmp_motion_driver.o
    0x0800f23a   0x00000002   PAD
    0x0800f23c   0x00000160   Code   RO        10906    i.dmp_set_tap_thresh  inv_mpu_dmp_motion_driver.o
    0x0800f39c   0x00000020   Code   RO        10907    i.dmp_set_tap_time  inv_mpu_dmp_motion_driver.o
    0x0800f3bc   0x00000020   Code   RO        10908    i.dmp_set_tap_time_multi  inv_mpu_dmp_motion_driver.o
    0x0800f3dc   0x00000018   Code   RO        13607    i.fabs              m_wm.l(fabs.o)
    0x0800f3f4   0x00000014   Code   RO         9482    i.fputc             usart.o
    0x0800f408   0x00000104   Code   RO         9663    i.gait              posture.o
    0x0800f50c   0x00000128   Code   RO         9664    i.gait_detached     posture.o
    0x0800f634   0x00000070   Code   RO        12617    i.get_moto_measure  bsp_can.o
    0x0800f6a4   0x0000000c   Code   RO        12618    i.get_moto_offset   bsp_can.o
    0x0800f6b0   0x000004d8   Code   RO        10404    i.get_st_6500_biases  inv_mpu.o
    0x0800fb88   0x0000046c   Code   RO        10406    i.gyro_6500_self_test  inv_mpu.o
    0x0800fff4   0x0000006a   Code   RO        11179    i.inv_apply_calibration  data_builder.o
    0x0801005e   0x00000002   PAD
    0x08010060   0x00000068   Code   RO        11180    i.inv_build_accel   data_builder.o
    0x080100c8   0x00000084   Code   RO        11181    i.inv_build_compass  data_builder.o
    0x0801014c   0x00000030   Code   RO        11182    i.inv_build_gyro    data_builder.o
    0x0801017c   0x0000001c   Code   RO        11184    i.inv_build_temp    data_builder.o
    0x08010198   0x000000ac   Code   RO        11753    i.inv_compass_angle  ml_math_func.o
    0x08010244   0x0000005a   Code   RO        11755    i.inv_convert_to_body_with_scale  ml_math_func.o
    0x0801029e   0x00000002   PAD
    0x080102a0   0x0000003c   Code   RO        11186    i.inv_db_load_func  data_builder.o
    0x080102dc   0x00000014   Code   RO        11187    i.inv_db_save_func  data_builder.o
    0x080102f0   0x0000001c   Code   RO        11101    i.inv_enable_eMPL_outputs  empl_outputs.o
    0x0801030c   0x0000001c   Code   RO        12141    i.inv_enable_results_holder  results_holder.o
    0x08010328   0x00000028   Code   RO        12376    i.inv_execute_mpl_start_notification  start_manager.o
    0x08010350   0x00000080   Code   RO        11190    i.inv_execute_on_data  data_builder.o
    0x080103d0   0x000000a8   Code   RO        11102    i.inv_generate_eMPL_outputs  empl_outputs.o
    0x08010478   0x00000010   Code   RO        12142    i.inv_generate_results  results_holder.o
    0x08010488   0x00000014   Code   RO        12143    i.inv_get_6axis_quaternion  results_holder.o
    0x0801049c   0x0000000c   Code   RO        12144    i.inv_get_acc_state  results_holder.o
    0x080104a8   0x0000000c   Code   RO        11191    i.inv_get_accel_accuracy  data_builder.o
    0x080104b4   0x00000010   Code   RO        11193    i.inv_get_accel_on  data_builder.o
    0x080104c4   0x00000028   Code   RO        11197    i.inv_get_accel_set  data_builder.o
    0x080104ec   0x00000014   Code   RO        11198    i.inv_get_compass_bias  data_builder.o
    0x08010500   0x00000018   Code   RO        12148    i.inv_get_compass_correction  results_holder.o
    0x08010518   0x00000010   Code   RO        11200    i.inv_get_compass_on  data_builder.o
    0x08010528   0x0000001c   Code   RO        11207    i.inv_get_compass_soft_iron_output_data  data_builder.o
    0x08010544   0x0000000c   Code   RO        12149    i.inv_get_compass_state  results_holder.o
    0x08010550   0x00000054   Code   RO        12150    i.inv_get_gravity   results_holder.o
    0x080105a4   0x00000010   Code   RO        11208    i.inv_get_gyro      data_builder.o
    0x080105b4   0x0000000c   Code   RO        11209    i.inv_get_gyro_accuracy  data_builder.o
    0x080105c0   0x00000024   Code   RO        11210    i.inv_get_gyro_bias  data_builder.o
    0x080105e4   0x00000018   Code   RO        11211    i.inv_get_gyro_bias_tc_set  data_builder.o
    0x080105fc   0x00000010   Code   RO        11212    i.inv_get_gyro_on   data_builder.o
    0x0801060c   0x00000018   Code   RO        11759    i.inv_get_gyro_sum_of_sqr  ml_math_func.o
    0x08010624   0x0000000c   Code   RO        12153    i.inv_get_large_mag_field  results_holder.o
    0x08010630   0x00000048   Code   RO        11218    i.inv_get_last_timestamp  data_builder.o
    0x08010678   0x0000003a   Code   RO        12154    i.inv_get_linear_accel  results_holder.o
    0x080106b2   0x00000002   PAD
    0x080106b4   0x00000044   Code   RO        12155    i.inv_get_linear_accel_float  results_holder.o
    0x080106f8   0x00000010   Code   RO        12156    i.inv_get_local_field  results_holder.o
    0x08010708   0x0000001c   Code   RO        11219    i.inv_get_mag_accuracy  data_builder.o
    0x08010724   0x00000010   Code   RO        12158    i.inv_get_motion_state  results_holder.o
    0x08010734   0x00000034   Code   RO        12159    i.inv_get_quaternion  results_holder.o
    0x08010768   0x00000038   Code   RO        12161    i.inv_get_quaternion_set  results_holder.o
    0x080107a0   0x000001c0   Code   RO        11105    i.inv_get_sensor_type_euler  empl_outputs.o
    0x08010960   0x00000060   Code   RO        11629    i.inv_get_sensor_type_gravity  hal_outputs.o
    0x080109c0   0x0000000c   Code   RO        12163    i.inv_got_compass_bias  results_holder.o
    0x080109cc   0x0000003c   Code   RO        11222    i.inv_init_data_builder  data_builder.o
    0x08010a08   0x00000078   Code   RO        12105    i.inv_init_mpl      mpl.o
    0x08010a80   0x00000030   Code   RO        12164    i.inv_init_results_holder  results_holder.o
    0x08010ab0   0x00000014   Code   RO        12377    i.inv_init_start_manager  start_manager.o
    0x08010ac4   0x00000018   Code   RO        12409    i.inv_init_storage_manager  storage_manager.o
    0x08010adc   0x00000022   Code   RO        11768    i.inv_orientation_matrix_to_scalar  ml_math_func.o
    0x08010afe   0x0000000c   Code   RO        11769    i.inv_q29_mult      ml_math_func.o
    0x08010b0a   0x0000000c   Code   RO        11771    i.inv_q30_mult      ml_math_func.o
    0x08010b16   0x00000024   Code   RO        11773    i.inv_q_add         ml_math_func.o
    0x08010b3a   0x00000042   Code   RO        11774    i.inv_q_addf        ml_math_func.o
    0x08010b7c   0x00000018   Code   RO        11775    i.inv_q_invert      ml_math_func.o
    0x08010b94   0x0000002e   Code   RO        11776    i.inv_q_invertf     ml_math_func.o
    0x08010bc2   0x000000b0   Code   RO        11777    i.inv_q_mult        ml_math_func.o
    0x08010c72   0x000000d2   Code   RO        11778    i.inv_q_multf       ml_math_func.o
    0x08010d44   0x00000084   Code   RO        11779    i.inv_q_norm4       ml_math_func.o
    0x08010dc8   0x000000b0   Code   RO        11781    i.inv_q_normalizef  ml_math_func.o
    0x08010e78   0x00000040   Code   RO        11782    i.inv_q_rotate      ml_math_func.o
    0x08010eb8   0x000000da   Code   RO        11784    i.inv_quaternion_to_rotation  ml_math_func.o
    0x08010f92   0x00000002   PAD
    0x08010f94   0x000000a8   Code   RO        11225    i.inv_register_data_cb  data_builder.o
    0x0801103c   0x00000068   Code   RO        12411    i.inv_register_load_store  storage_manager.o
    0x080110a4   0x00000020   Code   RO        12378    i.inv_register_mpl_start_notification  start_manager.o
    0x080110c4   0x00000050   Code   RO        11226    i.inv_reset_compass_soft_iron_matrix  data_builder.o
    0x08011114   0x00000048   Code   RO        11786    i.inv_row_2_scale   ml_math_func.o
    0x0801115c   0x0000001c   Code   RO        11227    i.inv_set_accel_accuracy  data_builder.o
    0x08011178   0x0000000c   Code   RO        12167    i.inv_set_accel_bias_found  results_holder.o
    0x08011184   0x00000050   Code   RO        11230    i.inv_set_accel_bias_mask  data_builder.o
    0x080111d4   0x0000000c   Code   RO        11231    i.inv_set_accel_orientation_and_scale  data_builder.o
    0x080111e0   0x0000002c   Code   RO        11232    i.inv_set_accel_sample_rate  data_builder.o
    0x0801120c   0x00000048   Code   RO        11234    i.inv_set_compass_bias  data_builder.o
    0x08011254   0x00000010   Code   RO        12168    i.inv_set_compass_bias_error  results_holder.o
    0x08011264   0x0000000c   Code   RO        12169    i.inv_set_compass_bias_found  results_holder.o
    0x08011270   0x00000020   Code   RO        12170    i.inv_set_compass_correction  results_holder.o
    0x08011290   0x0000000c   Code   RO        11235    i.inv_set_compass_disturbance  data_builder.o
    0x0801129c   0x00000010   Code   RO        11236    i.inv_set_compass_orientation_and_scale  data_builder.o
    0x080112ac   0x0000002c   Code   RO        11237    i.inv_set_compass_sample_rate  data_builder.o
    0x080112d8   0x00000050   Code   RO        11238    i.inv_set_compass_soft_iron_input_data  data_builder.o
    0x08011328   0x0000000c   Code   RO        12171    i.inv_set_compass_state  results_holder.o
    0x08011334   0x00000080   Code   RO        11241    i.inv_set_contiguous  data_builder.o
    0x080113b4   0x0000005c   Code   RO        11243    i.inv_set_gyro_bias  data_builder.o
    0x08011410   0x0000000c   Code   RO        11244    i.inv_set_gyro_orientation_and_scale  data_builder.o
    0x0801141c   0x00000028   Code   RO        11245    i.inv_set_gyro_sample_rate  data_builder.o
    0x08011444   0x00000014   Code   RO        11728    i.inv_set_message   message_layer.o
    0x08011458   0x00000034   Code   RO        12176    i.inv_set_motion_state  results_holder.o
    0x0801148c   0x00000010   Code   RO        11110    i.inv_start_eMPL_outputs  empl_outputs.o
    0x0801149c   0x0000003c   Code   RO        12106    i.inv_start_mpl     mpl.o
    0x080114d8   0x00000018   Code   RO        12177    i.inv_start_results_holder  results_holder.o
    0x080114f0   0x00000020   Code   RO        12178    i.inv_store_gaming_quaternion  results_holder.o
    0x08011510   0x0000004c   Code   RO        11248    i.inv_unregister_data_cb  data_builder.o
    0x0801155c   0x00000048   Code   RO        12379    i.inv_unregister_mpl_start_notification  start_manager.o
    0x080115a4   0x000000e4   Code   RO            4    i.main              main.o
    0x08011688   0x00000002   Code   RO        10408    i.mget_ms           inv_mpu.o
    0x0801168a   0x00000032   Code   RO        11791    i.mlMatrixVectorMult  ml_math_func.o
    0x080116bc   0x00000154   Code   RO        12568    i.moto_behaviour    moto_ctrl.o
    0x08011810   0x00000058   Code   RO        10409    i.mpu_configure_fifo  inv_mpu.o
    0x08011868   0x00000164   Code   RO        10411    i.mpu_dmp_init      inv_mpu.o
    0x080119cc   0x0000003c   Code   RO        10412    i.mpu_get_accel_fsr  inv_mpu.o
    0x08011a08   0x00000044   Code   RO        10414    i.mpu_get_accel_sens  inv_mpu.o
    0x08011a4c   0x00000080   Code   RO        10416    i.mpu_get_compass_reg  inv_mpu.o
    0x08011acc   0x00000034   Code   RO        10420    i.mpu_get_gyro_fsr  inv_mpu.o
    0x08011b00   0x0000004c   Code   RO        10422    i.mpu_get_gyro_sens  inv_mpu.o
    0x08011b4c   0x00000038   Code   RO        10424    i.mpu_get_lpf       inv_mpu.o
    0x08011b84   0x0000001c   Code   RO        10426    i.mpu_get_sample_rate  inv_mpu.o
    0x08011ba0   0x0000007c   Code   RO        10427    i.mpu_get_temperature  inv_mpu.o
    0x08011c1c   0x000000d8   Code   RO        10428    i.mpu_init          inv_mpu.o
    0x08011cf4   0x000000a4   Code   RO        10429    i.mpu_load_firmware  inv_mpu.o
    0x08011d98   0x000000b8   Code   RO        10430    i.mpu_lp_accel_mode  inv_mpu.o
    0x08011e50   0x000000e8   Code   RO        10432    i.mpu_mpl_get_data  inv_mpu.o
    0x08011f38   0x00000090   Code   RO        10437    i.mpu_read_fifo_stream  inv_mpu.o
    0x08011fc8   0x00000054   Code   RO        10438    i.mpu_read_mem      inv_mpu.o
    0x0801201c   0x0000015c   Code   RO        10441    i.mpu_reset_fifo    inv_mpu.o
    0x08012178   0x00000278   Code   RO        10442    i.mpu_run_6500_self_test  inv_mpu.o
    0x080123f0   0x00000068   Code   RO        10446    i.mpu_set_accel_fsr  inv_mpu.o
    0x08012458   0x000000dc   Code   RO        10447    i.mpu_set_bypass    inv_mpu.o
    0x08012534   0x0000004c   Code   RO        10448    i.mpu_set_compass_sample_rate  inv_mpu.o
    0x08012580   0x00000078   Code   RO        10449    i.mpu_set_dmp_state  inv_mpu.o
    0x080125f8   0x0000006c   Code   RO        10451    i.mpu_set_gyro_fsr  inv_mpu.o
    0x08012664   0x00000064   Code   RO        10452    i.mpu_set_int_latched  inv_mpu.o
    0x080126c8   0x0000006c   Code   RO        10454    i.mpu_set_lpf       inv_mpu.o
    0x08012734   0x00000088   Code   RO        10455    i.mpu_set_sample_rate  inv_mpu.o
    0x080127bc   0x00000134   Code   RO        10456    i.mpu_set_sensors   inv_mpu.o
    0x080128f0   0x00000054   Code   RO        10457    i.mpu_write_mem     inv_mpu.o
    0x08012944   0x00000060   Code   RO        12619    i.my_can_filter_init_recv_all  bsp_can.o
    0x080129a4   0x000001d4   Code   RO        10067    i.navigation_execute  navigation.o
    0x08012b78   0x0000000e   Code   RO        12675    i.osDelay           cmsis_os.o
    0x08012b86   0x00000002   PAD
    0x08012b88   0x000001c0   Code   RO        10259    i.pid_calc          pid.o
    0x08012d48   0x0000000e   Code   RO        10260    i.pid_param_init    pid.o
    0x08012d56   0x00000002   PAD
    0x08012d58   0x00000114   Code   RO        12569    i.pid_param_init    moto_ctrl.o
    0x08012e6c   0x00000006   Code   RO        10261    i.pid_reset         pid.o
    0x08012e72   0x0000000a   Code   RO        10262    i.pid_reset_kpkd    pid.o
    0x08012e7c   0x00000070   Code   RO         8748    i.prvAddCurrentTaskToDelayedList  tasks.o
    0x08012eec   0x000000d0   Code   RO         8749    i.prvAddNewTaskToReadyList  tasks.o
    0x08012fbc   0x00000050   Code   RO         9116    i.prvCheckForValidListAndQueue  timers.o
    0x0801300c   0x00000054   Code   RO         8750    i.prvCheckTasksWaitingTermination  tasks.o
    0x08013060   0x00000026   Code   RO         8518    i.prvCopyDataFromQueue  queue.o
    0x08013086   0x0000006c   Code   RO         8519    i.prvCopyDataToQueue  queue.o
    0x080130f2   0x00000014   Code   RO         8751    i.prvDeleteTCB      tasks.o
    0x08013106   0x00000002   PAD
    0x08013108   0x0000004c   Code   RO         9248    i.prvHeapInit       heap_4.o
    0x08013154   0x00000028   Code   RO         8752    i.prvIdleTask       tasks.o
    0x0801317c   0x000000c0   Code   RO         8753    i.prvInitialiseNewTask  tasks.o
    0x0801323c   0x0000004c   Code   RO         9249    i.prvInsertBlockIntoFreeList  heap_4.o
    0x08013288   0x00000038   Code   RO         9117    i.prvInsertTimerInActiveList  timers.o
    0x080132c0   0x0000001a   Code   RO         8520    i.prvIsQueueEmpty   queue.o
    0x080132da   0x00000002   PAD
    0x080132dc   0x00000090   Code   RO         8521    i.prvNotifyQueueSetContainer  queue.o
    0x0801336c   0x00000060   Code   RO         9118    i.prvProcessExpiredTimer  timers.o
    0x080133cc   0x000000f0   Code   RO         9119    i.prvProcessReceivedCommands  timers.o
    0x080134bc   0x0000006c   Code   RO         9120    i.prvProcessTimerOrBlockTask  timers.o
    0x08013528   0x00000020   Code   RO         8755    i.prvResetNextTaskUnblockTime  tasks.o
    0x08013548   0x00000028   Code   RO         9121    i.prvSampleTimeNow  timers.o
    0x08013570   0x0000006c   Code   RO         9122    i.prvSwitchTimerLists  timers.o
    0x080135dc   0x00000068   Code   RO         9310    i.prvTaskExitError  port.o
    0x08013644   0x00000028   Code   RO         9123    i.prvTimerTask      timers.o
    0x0801366c   0x00000078   Code   RO         8522    i.prvUnlockQueue    queue.o
    0x080136e4   0x00000114   Code   RO         9250    i.pvPortMalloc      heap_4.o
    0x080137f8   0x00000018   Code   RO         8758    i.pvTaskIncrementMutexHeldCount  tasks.o
    0x08013810   0x0000002c   Code   RO         9311    i.pxPortInitialiseStack  port.o
    0x0801383c   0x0000008a   Code   RO        10458    i.run_self_test     inv_mpu.o
    0x080138c6   0x00000002   PAD
    0x080138c8   0x00000054   Code   RO        10459    i.set_int_enable    inv_mpu.o
    0x0801391c   0x000001d8   Code   RO        10460    i.setup_compass     inv_mpu.o
    0x08013af4   0x0000006e   Code   RO        13683    i.sqrt              m_wm.l(sqrt.o)
    0x08013b62   0x0000003e   Code   RO        13695    i.sqrtf             m_wm.l(sqrtf.o)
    0x08013ba0   0x000000c0   Code   RO            5    i.start_task        main.o
    0x08013c60   0x00000038   Code   RO         9483    i.uart2_init        usart.o
    0x08013c98   0x00000038   Code   RO         9484    i.uart3_init        usart.o
    0x08013cd0   0x00000038   Code   RO         9485    i.uart_init         usart.o
    0x08013d08   0x00000024   Code   RO         8469    i.uxListRemove      list.o
    0x08013d2c   0x00000016   Code   RO         8470    i.vListInitialise   list.o
    0x08013d42   0x00000006   Code   RO         8471    i.vListInitialiseItem  list.o
    0x08013d48   0x00000030   Code   RO         8472    i.vListInsert       list.o
    0x08013d78   0x00000018   Code   RO         8473    i.vListInsertEnd    list.o
    0x08013d90   0x0000007c   Code   RO         9313    i.vPortEnterCritical  port.o
    0x08013e0c   0x00000068   Code   RO         9314    i.vPortExitCritical  port.o
    0x08013e74   0x0000009c   Code   RO         9251    i.vPortFree         heap_4.o
    0x08013f10   0x00000020   Code   RO         9315    i.vPortSetupTimerInterrupt  port.o
    0x08013f30   0x00000090   Code   RO         9316    i.vPortValidateInterruptPriority  port.o
    0x08013fc0   0x00000024   Code   RO         8528    i.vQueueAddToRegistry  queue.o
    0x08013fe4   0x00000044   Code   RO         8532    i.vQueueWaitForMessageRestricted  queue.o
    0x08014028   0x0000006c   Code   RO         8767    i.vTaskDelay        tasks.o
    0x08014094   0x000000cc   Code   RO         8769    i.vTaskDelete       tasks.o
    0x08014160   0x0000000c   Code   RO         8773    i.vTaskMissedYield  tasks.o
    0x0801416c   0x00000054   Code   RO         8775    i.vTaskPlaceOnEventList  tasks.o
    0x080141c0   0x0000005c   Code   RO         8776    i.vTaskPlaceOnEventListRestricted  tasks.o
    0x0801421c   0x00000084   Code   RO         8778    i.vTaskPriorityInherit  tasks.o
    0x080142a0   0x00000048   Code   RO         8782    i.vTaskSetTimeOutState  tasks.o
    0x080142e8   0x00000094   Code   RO         8783    i.vTaskStartScheduler  tasks.o
    0x0801437c   0x00000010   Code   RO         8785    i.vTaskSuspendAll   tasks.o
    0x0801438c   0x0000007c   Code   RO         8786    i.vTaskSwitchContext  tasks.o
    0x08014408   0x00000118   Code   RO         9317    i.xPortStartScheduler  port.o
    0x08014520   0x0000002c   Code   RO         9318    i.xPortSysTickHandler  port.o
    0x0801454c   0x00000078   Code   RO         8537    i.xQueueGenericCreate  queue.o
    0x080145c4   0x00000184   Code   RO         8538    i.xQueueGenericReceive  queue.o
    0x08014748   0x000000a8   Code   RO         8539    i.xQueueGenericReset  queue.o
    0x080147f0   0x00000188   Code   RO         8540    i.xQueueGenericSend  queue.o
    0x08014978   0x000000e0   Code   RO         8541    i.xQueueGenericSendFromISR  queue.o
    0x08014a58   0x00000088   Code   RO         8787    i.xTaskCheckForTimeOut  tasks.o
    0x08014ae0   0x00000056   Code   RO         8788    i.xTaskCreate       tasks.o
    0x08014b36   0x00000002   PAD
    0x08014b38   0x0000001c   Code   RO         8792    i.xTaskGetSchedulerState  tasks.o
    0x08014b54   0x0000000c   Code   RO         8793    i.xTaskGetTickCount  tasks.o
    0x08014b60   0x000000e8   Code   RO         8795    i.xTaskIncrementTick  tasks.o
    0x08014c48   0x000000b4   Code   RO         8798    i.xTaskPriorityDisinherit  tasks.o
    0x08014cfc   0x00000098   Code   RO         8799    i.xTaskRemoveFromEventList  tasks.o
    0x08014d94   0x000000e4   Code   RO         8801    i.xTaskResumeAll    tasks.o
    0x08014e78   0x00000074   Code   RO         9126    i.xTimerCreate      timers.o
    0x08014eec   0x00000074   Code   RO         9127    i.xTimerCreateTimerTask  timers.o
    0x08014f60   0x00000090   Code   RO         9128    i.xTimerGenericCommand  timers.o
    0x08014ff0   0x0000002c   Code   RO        13905    locale$$code        c_w.l(lc_numeric_c.o)
    0x0801501c   0x0000002c   Code   RO        13980    locale$$code        c_w.l(lc_ctype_c.o)
    0x08015048   0x00000018   Code   RO        13756    x$fpl$basic         fz_wm.l(basic.o)
    0x08015060   0x00000062   Code   RO        13445    x$fpl$d2f           fz_wm.l(d2f.o)
    0x080150c2   0x00000002   PAD
    0x080150c4   0x00000150   Code   RO        13447    x$fpl$dadd          fz_wm.l(daddsub_clz.o)
    0x08015214   0x00000010   Code   RO        13907    x$fpl$dcheck1       fz_wm.l(dcheck1.o)
    0x08015224   0x00000018   Code   RO        13758    x$fpl$dcmpinf       fz_wm.l(dcmpi.o)
    0x0801523c   0x000002b0   Code   RO        13454    x$fpl$ddiv          fz_wm.l(ddiv.o)
    0x080154ec   0x00000078   Code   RO        13457    x$fpl$deqf          fz_wm.l(deqf.o)
    0x08015564   0x0000005e   Code   RO        13459    x$fpl$dfix          fz_wm.l(dfix.o)
    0x080155c2   0x0000002e   Code   RO        13464    x$fpl$dflt          fz_wm.l(dflt_clz.o)
    0x080155f0   0x00000026   Code   RO        13463    x$fpl$dfltu         fz_wm.l(dflt_clz.o)
    0x08015616   0x00000002   PAD
    0x08015618   0x00000078   Code   RO        13469    x$fpl$dleqf         fz_wm.l(dleqf.o)
    0x08015690   0x00000154   Code   RO        13471    x$fpl$dmul          fz_wm.l(dmul.o)
    0x080157e4   0x0000009c   Code   RO        13760    x$fpl$dnaninf       fz_wm.l(dnaninf.o)
    0x08015880   0x00000150   Code   RO        13762    x$fpl$drem          fz_wm.l(drem_clz.o)
    0x080159d0   0x0000000c   Code   RO        13764    x$fpl$dretinf       fz_wm.l(dretinf.o)
    0x080159dc   0x0000006c   Code   RO        13473    x$fpl$drleqf        fz_wm.l(drleqf.o)
    0x08015a48   0x00000016   Code   RO        13448    x$fpl$drsb          fz_wm.l(daddsub_clz.o)
    0x08015a5e   0x00000002   PAD
    0x08015a60   0x00000198   Code   RO        13766    x$fpl$dsqrt         fz_wm.l(dsqrt_umaal.o)
    0x08015bf8   0x000001d4   Code   RO        13449    x$fpl$dsub          fz_wm.l(daddsub_clz.o)
    0x08015dcc   0x00000056   Code   RO        13475    x$fpl$f2d           fz_wm.l(f2d.o)
    0x08015e22   0x00000060   Code   RO        13481    x$fpl$ffltll        fz_wm.l(ffltll_clz.o)
    0x08015e82   0x0000008c   Code   RO        13768    x$fpl$fnaninf       fz_wm.l(fnaninf.o)
    0x08015f0e   0x0000000a   Code   RO        13988    x$fpl$fpinit        fz_wm.l(fpinit.o)
    0x08015f18   0x0000000a   Code   RO        13770    x$fpl$fretinf       fz_wm.l(fretinf.o)
    0x08015f22   0x00000002   PAD
    0x08015f24   0x00000086   Code   RO        13477    x$fpl$llsfromf      fz_wm.l(ffixll.o)
    0x08015faa   0x00000004   Code   RO        13483    x$fpl$printf1       fz_wm.l(printf1.o)
    0x08015fae   0x00000004   Code   RO        13772    x$fpl$printf2       fz_wm.l(printf2.o)
    0x08015fb2   0x00000064   Code   RO        13975    x$fpl$retnan        fz_wm.l(retnan.o)
    0x08016016   0x0000005c   Code   RO        13778    x$fpl$scalbn        fz_wm.l(scalbn.o)
    0x08016072   0x00000030   Code   RO        13990    x$fpl$trapveneer    fz_wm.l(trapv.o)
    0x080160a2   0x00000000   Code   RO        13780    x$fpl$usenofp       fz_wm.l(usenofp.o)
    0x080160a2   0x00000010   Data   RO         4537    .constdata          stm32f4xx_hal_rcc.o
    0x080160b2   0x00000002   PAD
    0x080160b4   0x00000010   Data   RO         9674    .constdata          posture.o
    0x080160c4   0x0000002a   Data   RO        10461    .constdata          inv_mpu.o
    0x080160ee   0x0000000e   Data   RO        10462    .constdata          inv_mpu.o
    0x080160fc   0x00000030   Data   RO        10463    .constdata          inv_mpu.o
    0x0801612c   0x00000200   Data   RO        10464    .constdata          inv_mpu.o
    0x0801632c   0x00000bf6   Data   RO        10910    .constdata          inv_mpu_dmp_motion_driver.o
    0x08016f22   0x0000002f   Data   RO        12107    .constdata          mpl.o
    0x08016f51   0x00000003   PAD
    0x08016f54   0x00000010   Data   RO        12464    .constdata          combinations.o
    0x08016f64   0x00000090   Data   RO        13049    .constdata          jump.o
    0x08016ff4   0x00000028   Data   RO        13394    .constdata          c_w.l(_printf_hex_int_ll_ptr.o)
    0x0801701c   0x00000011   Data   RO        13414    .constdata          c_w.l(__printf_flags_ss_wp.o)
    0x0801702d   0x00000003   PAD
    0x08017030   0x00000050   Data   RO        13488    .constdata          m_wm.l(acos.o)
    0x08017080   0x00000050   Data   RO        13514    .constdata          m_wm.l(asin.o)
    0x080170d0   0x00000038   Data   RO        13632    .constdata          m_wm.l(log.o)
    0x08017108   0x00000088   Data   RO        13646    .constdata          m_wm.l(pow.o)
    0x08017190   0x00000008   Data   RO        13729    .constdata          c_w.l(_printf_wctomb.o)
    0x08017198   0x00000030   Data   RO        13782    .constdata          m_wm.l(cos_i.o)
    0x080171c8   0x00000008   Data   RO        13818    .constdata          m_wm.l(qnan.o)
    0x080171d0   0x000000c8   Data   RO        13821    .constdata          m_wm.l(rred.o)
    0x08017298   0x00000020   Data   RO        13825    .constdata          m_wm.l(rredf.o)
    0x080172b8   0x00000028   Data   RO        13828    .constdata          m_wm.l(sin_i.o)
    0x080172e0   0x00000026   Data   RO        13865    .constdata          c_w.l(_printf_fp_hex.o)
    0x08017306   0x00000002   PAD
    0x08017308   0x00000094   Data   RO        13874    .constdata          c_w.l(bigflt0.o)
    0x0801739c   0x00000009   Data   RO        10465    .conststring        inv_mpu.o
    0x080173a5   0x00000003   PAD
    0x080173a8   0x00000044   Data   RO        11251    .conststring        data_builder.o
    0x080173ec   0x00000020   Data   RO        14061    Region$$Table       anon$$obj.o
    0x0801740c   0x0000001c   Data   RO        13904    locale$$data        c_w.l(lc_numeric_c.o)
    0x08017428   0x00000110   Data   RO        13979    locale$$data        c_w.l(lc_ctype_c.o)


    Execution Region RW_IRAM1 (Base: 0x20000000, Size: 0x0000f4e8, Max: 0x00030000, ABSOLUTE, COMPRESSED[0x00000218])

    Base Addr    Size         Type   Attr      Idx    E Section Name        Object

    0x20000000   0x00000014   Data   RW            8    .data               main.o
    0x20000014   0x00000004   Data   RW            9    .data               main.o
    0x20000018   0x00000014   Data   RW          431    .data               system_stm32f4xx.o
    0x2000002c   0x00000004   Data   RW          598    .data               stm32f4xx_hal.o
    0x20000030   0x0000003c   Data   RW         8804    .data               tasks.o
    0x2000006c   0x00000014   Data   RW         9136    .data               timers.o
    0x20000080   0x00000018   Data   RW         9256    .data               heap_4.o
    0x20000098   0x0000000c   Data   RW         9319    .data               port.o
    0x200000a4   0x00000008   Data   RW         9403    .data               delay.o
    0x200000ac   0x00000001   Data   RW         9487    .data               usart.o
    0x200000ad   0x00000003   PAD
    0x200000b0   0x00000018   Data   RW         9488    .data               usart.o
    0x200000c8   0x00000004   Data   RW         9494    .data               usart.o
    0x200000cc   0x00000c1c   Data   RW         9675    .data               posture.o
    0x20000ce8   0x00000018   Data   RW        10069    .data               navigation.o
    0x20000d00   0x00000001   Data   RW        10181    .data               can.o
    0x20000d01   0x00000001   Data   RW        10350    .data               tim.o
    0x20000d02   0x00000002   PAD
    0x20000d04   0x00000004   Data   RW        10466    .data               inv_mpu.o
    0x20000d08   0x0000004a   Data   RW        10467    .data               inv_mpu.o
    0x20000d52   0x00000002   PAD
    0x20000d54   0x00000004   Data   RW        11729    .data               message_layer.o
    0x20000d58   0x00000004   Data   RW        12467    .data               combinations.o
    0x20000d5c   0x0000000c   Data   RW        12571    .data               moto_ctrl.o
    0x20000d68   0x0000000c   Data   RW        13050    .data               jump.o
    0x20000d74   0x00000010   Data   RW        13117    .data               libmpllib.lib(compass_vec_cal.o)
    0x20000d84   0x00000040   Zero   RW         8552    .bss                queue.o
    0x20000dc4   0x000002e4   Zero   RW         8803    .bss                tasks.o
    0x200010a8   0x00000028   Zero   RW         9135    .bss                timers.o
    0x200010d0   0x0000b800   Zero   RW         9255    .bss                heap_4.o
    0x2000c8d0   0x0000032c   Zero   RW         9486    .bss                usart.o
    0x2000cbfc   0x00000060   Zero   RW         9665    .bss                posture.o
    0x2000cc5c   0x00000034   Zero   RW        10017    .bss                sdram.o
    0x2000cc90   0x00000080   Zero   RW        10180    .bss                can.o
    0x2000cd10   0x00000144   Zero   RW        10265    .bss                pid.o
    0x2000ce54   0x00000360   Zero   RW        10268    .bss                pid.o
    0x2000d1b4   0x00000360   Zero   RW        10269    .bss                pid.o
    0x2000d514   0x0000006c   Zero   RW        10270    .bss                pid.o
    0x2000d580   0x0000003c   Zero   RW        10349    .bss                tim.o
    0x2000d5bc   0x00000010   Zero   RW        10909    .bss                inv_mpu_dmp_motion_driver.o
    0x2000d5cc   0x00000028   Zero   RW        11111    .bss                empl_outputs.o
    0x2000d5f4   0x000002d8   Zero   RW        11250    .bss                data_builder.o
    0x2000d8cc   0x000000c4   Zero   RW        11639    .bss                hal_outputs.o
    0x2000d990   0x00000088   Zero   RW        12179    .bss                results_holder.o
    0x2000da18   0x00000054   Zero   RW        12380    .bss                start_manager.o
    0x2000da6c   0x00000198   Zero   RW        12413    .bss                storage_manager.o
    0x2000dc04   0x00000060   Zero   RW        12570    .bss                moto_ctrl.o
    0x2000dc64   0x00000180   Zero   RW        12620    .bss                bsp_can.o
    0x2000dde4   0x00000080   Zero   RW        12621    .bss                bsp_can.o
    0x2000de64   0x00000030   Zero   RW        12622    .bss                bsp_can.o
    0x2000de94   0x00000018   Zero   RW        13018    .bss                bsp_uart.o
    0x2000deac   0x00000004   PAD
    0x2000deb0   0x00000460   Zero   RW        13116    .bss                libmpllib.lib(compass_vec_cal.o)
    0x2000e310   0x000002a0   Zero   RW        13206    .bss                libmpllib.lib(fast_no_motion.o)
    0x2000e5b0   0x00000138   Zero   RW        13239    .bss                libmpllib.lib(fusion_9axis.o)
    0x2000e6e8   0x000001c4   Zero   RW        13261    .bss                libmpllib.lib(gyro_tc.o)
    0x2000e8ac   0x000000b8   Zero   RW        13279    .bss                libmpllib.lib(mag_disturb.o)
    0x2000e964   0x0000006c   Zero   RW        13301    .bss                libmpllib.lib(quaternion_supervisor.o)
    0x2000e9d0   0x000004b8   Zero   RW        13319    .bss                libmpllib.lib(accel_auto_cal.o)
    0x2000ee88   0x00000060   Zero   RW        13912    .bss                c_w.l(libspace.o)
    0x2000eee8   0x00000200   Zero   RW          566    HEAP                startup_stm32f429xx.o
    0x2000f0e8   0x00000400   Zero   RW          565    STACK               startup_stm32f429xx.o


==============================================================================

Image component sizes


      Code (inc. data)   RO Data    RW Data    ZI Data      Debug   Object Name

       220         22          0          0        560       4236   bsp_can.o
         0          0          0          0         24        562   bsp_uart.o
       756         84          0          1        128       7385   can.o
        14          0          0          0          0       5248   cmsis_os.o
       812        100         16          4          0       5135   combinations.o
      2006        254         68          0        728      25260   data_builder.o
       186         14          0          8          0       2525   delay.o
       660         54          0          0         40       6942   empl_outputs.o
         0          0          0          0          0       9352   event_groups.o
        96          8          0          0        196       2237   hal_outputs.o
       584        138          0         24      47104       4075   heap_4.o
      8952       1586        625         78          0      44546   inv_mpu.o
      2414        132       3062          0         16      20478   inv_mpu_dmp_motion_driver.o
      1324        194        144         12          0       7029   jump.o
       128         18          0          0          0        975   key.o
        76          8          0          0          0        859   led.o
       136          0          0          0          0       3146   list.o
       150         10          0          0          0       1054   log_stm32.o
       420        116          0         24          0     450289   main.o
        20          4          0          4          0       1154   message_layer.o
      1614         22          0          0          0      14097   ml_math_func.o
       622         68          0         12         96       3215   moto_ctrl.o
       228         78         47          0          0       5196   mpl.o
       238          0          0          0          0       2976   mpu9250.o
       612         74          0          0          0       4938   myiic.o
       474         26          0         24          0       3193   navigation.o
       700         12          0          0       2160       7412   pid.o
      1058        402          0         12          0      10941   port.o
      3752        240         16       3100         96      12505   posture.o
      1832        236          0          0         64      13289   queue.o
       332         34          0          0          0        994   remote_control.o
       726        120          0          0        136      15497   results_holder.o
       428         38          0          0         52       2822   sdram.o
       164         20          0          0         84       3320   start_manager.o
        64         26        428          0       1536        824   startup_stm32f429xx.o
       122         16          0          4          0       4124   stm32f4xx_hal.o
      2154         36          0          0          0       9242   stm32f4xx_hal_can.o
       218         14          0          0          0      30881   stm32f4xx_hal_cortex.o
       486         54          0          0          0       2636   stm32f4xx_hal_gpio.o
       136         14          0          0          0       1296   stm32f4xx_hal_pwr_ex.o
      1572         72         16          0          0       6331   stm32f4xx_hal_rcc.o
       146          0          0          0          0       2712   stm32f4xx_hal_sdram.o
       636         44          0          0          0       6651   stm32f4xx_hal_tim.o
         4          0          0          0          0       1654   stm32f4xx_hal_tim_ex.o
      1438          8          0          0          0       9507   stm32f4xx_hal_uart.o
        12          0          0          0          0       2649   stm32f4xx_it.o
       284          0          0          0          0       3616   stm32f4xx_ll_fmc.o
       128          8          0          0        408       2481   storage_manager.o
       132         10          0          0          0       1135   sys.o
        84         18          0         20          0       1025   system_stm32f4xx.o
      2758        670          0         60        740      29567   tasks.o
       272         58          0          1         60       3088   tim.o
      1144        260          0         20         40       9882   timers.o
      1054        140          0         29        812       9222   usart.o

    ----------------------------------------------------------------------
     44628       5560       4462       3444      55084     841405   Object Totals
         0          0         32          0          0          0   (incl. Generated)
        50          0          8          7          4          0   (incl. Padding)

    ----------------------------------------------------------------------

      Code (inc. data)   RO Data    RW Data    ZI Data      Debug   Library Member Name

        24          4          0          0          0         84   __2printf.o
       100          0          0          0          0          0   __dclz77c.o
         8          0          0          0          0         68   __main.o
       392          4         17          0          0         92   __printf_flags_ss_wp.o
        14          0          0          0          0         68   __printf_wp.o
         0          0          0          0          0          0   __rtentry.o
        12          0          0          0          0          0   __rtentry2.o
         6          0          0          0          0          0   __rtentry4.o
        52          8          0          0          0          0   __scatter.o
        28          0          0          0          0          0   __scatter_zi.o
         6          0          0          0          0          0   _printf_a.o
         6          0          0          0          0          0   _printf_c.o
        44          0          0          0          0        108   _printf_char.o
        48          6          0          0          0         96   _printf_char_common.o
        36          4          0          0          0         80   _printf_char_file.o
        40          0          0          0          0         68   _printf_charcount.o
         6          0          0          0          0          0   _printf_d.o
       120         16          0          0          0         92   _printf_dec.o
         6          0          0          0          0          0   _printf_e.o
         6          0          0          0          0          0   _printf_f.o
      1050          0          0          0          0        216   _printf_fp_dec.o
       764          8         38          0          0        100   _printf_fp_hex.o
       128         16          0          0          0         84   _printf_fp_infnan.o
         6          0          0          0          0          0   _printf_g.o
       148          4         40          0          0        160   _printf_hex_int_ll_ptr.o
         6          0          0          0          0          0   _printf_i.o
       178          0          0          0          0         88   _printf_intcommon.o
        10          0          0          0          0          0   _printf_l.o
         6          0          0          0          0          0   _printf_lc.o
        10          0          0          0          0          0   _printf_ll.o
         6          0          0          0          0          0   _printf_lld.o
         6          0          0          0          0          0   _printf_lli.o
         6          0          0          0          0          0   _printf_llo.o
         6          0          0          0          0          0   _printf_llu.o
         6          0          0          0          0          0   _printf_llx.o
       124         16          0          0          0         92   _printf_longlong_dec.o
         6          0          0          0          0          0   _printf_ls.o
         6          0          0          0          0          0   _printf_n.o
         6          0          0          0          0          0   _printf_o.o
       112          8          0          0          0        124   _printf_oct_int_ll.o
         6          0          0          0          0          0   _printf_p.o
        78          0          0          0          0        108   _printf_pad.o
         0          0          0          0          0          0   _printf_percent.o
         4          0          0          0          0          0   _printf_percent_end.o
         6          0          0          0          0          0   _printf_s.o
        82          0          0          0          0         80   _printf_str.o
        36          0          0          0          0         84   _printf_truncate.o
         6          0          0          0          0          0   _printf_u.o
        44          0          0          0          0        108   _printf_wchar.o
       188          6          8          0          0         92   _printf_wctomb.o
         6          0          0          0          0          0   _printf_x.o
        22          0          0          0          0        100   _rserrno.o
        10          0          0          0          0         68   _sputc.o
        64          0          0          0          0         92   _wcrtomb.o
        16          0          0          0          0         68   aeabi_memset.o
       220          4        148          0          0         96   bigflt0.o
      1910        128          0          0          0        672   btod.o
        18          0          0          0          0         80   exit.o
         8          0          0          0          0         68   ferror.o
         6          0          0          0          0        152   heapauxi.o
        44         10        272          0          0         76   lc_ctype_c.o
        44         10         28          0          0         76   lc_numeric_c.o
         2          0          0          0          0          0   libinit.o
        34          0          0          0          0          0   libinit2.o
         2          0          0          0          0          0   libshutdown.o
         2          0          0          0          0          0   libshutdown2.o
         8          4          0          0         96         68   libspace.o
        72          0          0          0          0         76   llsdiv.o
        38          0          0          0          0         68   llshl.o
        38          0          0          0          0         68   llsshr.o
       138          0          0          0          0         80   lludiv10.o
       238          0          0          0          0        100   lludivv7m.o
        88          0          0          0          0         76   memcmp.o
        16          4          0          0          0         76   rt_ctype_table.o
         8          4          0          0          0         68   rt_errno_addr_intlibspace.o
         8          4          0          0          0         68   rt_locale_intlibspace.o
        68          0          0          0          0         68   rt_memclr.o
        78          0          0          0          0         80   rt_memclr_w.o
       138          0          0          0          0         68   rt_memcpy_v6.o
       100          0          0          0          0         80   rt_memcpy_w.o
       122          0          0          0          0         80   rt_memmove_w.o
         2          0          0          0          0          0   rtexit.o
        10          0          0          0          0          0   rtexit2.o
       128          0          0          0          0         68   strcmpv7m.o
        74          0          0          0          0         80   sys_stackheap_outer.o
         2          0          0          0          0         68   use_no_semi.o
         2          0          0          0          0         68   use_no_semi_2.o
        36          4          0          0          0         76   vsprintf.o
        24          0          0          0          0        164   basic.o
        98          4          0          0          0        140   d2f.o
       826         16          0          0          0        492   daddsub_clz.o
        16          4          0          0          0        116   dcheck1.o
        24          0          0          0          0        116   dcmpi.o
       688        140          0          0          0        256   ddiv.o
       120          4          0          0          0        140   deqf.o
        94          4          0          0          0        140   dfix.o
        84          0          0          0          0        232   dflt_clz.o
       120          4          0          0          0        140   dleqf.o
       340         12          0          0          0        152   dmul.o
       156          4          0          0          0        140   dnaninf.o
       336         12          0          0          0        136   drem_clz.o
        12          0          0          0          0        116   dretinf.o
       108          0          0          0          0        128   drleqf.o
       408         56          0          0          0        168   dsqrt_umaal.o
        86          4          0          0          0        132   f2d.o
       134          4          0          0          0        132   ffixll.o
        96          0          0          0          0        132   ffltll_clz.o
       140          4          0          0          0        132   fnaninf.o
        10          0          0          0          0        116   fpinit.o
        10          0          0          0          0        116   fretinf.o
         4          0          0          0          0        116   printf1.o
         4          0          0          0          0        116   printf2.o
       100          0          0          0          0        116   retnan.o
        92          0          0          0          0        116   scalbn.o
        48          0          0          0          0        116   trapv.o
         0          0          0          0          0          0   usenofp.o
      3140        190          0          0       1208       9672   accel_auto_cal.o
      9456        298          0         16       1120      19892   compass_vec_cal.o
      2584         42          0          0        672      13744   fast_no_motion.o
      1712         72          0          0        312       5636   fusion_9axis.o
      1220         32          0          0        452       5735   gyro_tc.o
      1472         48          0          0        184       7614   mag_disturb.o
      2452        130          0          0        108       5637   quaternion_supervisor.o
       856        118         80          0          0        288   acos.o
       280         46          0          0          0        176   acosf.o
       864         94         80          0          0        280   asin.o
       592         90          0          0          0        184   atan2f.o
       200         20          0          0          0        164   cos.o
       368         46         48          0          0        200   cos_i.o
       336         56          0          0          0        136   cosf.o
       184         44          0          0          0        744   dunder.o
        44          0          0          0          0        248   fabs.o
       260          6          0          0          0        144   fmod.o
        48          0          0          0          0        124   fpclassify.o
        38          0          0          0          0        116   fpclassifyf.o
        44         12          0          0          0        464   funder.o
       964         92         56          0          0        316   log.o
       248          0          0          0          0        152   poly.o
      3152        296        136          0          0        352   pow.o
         0          0          8          0          0          0   qnan.o
      1080        142        200          0          0        188   rred.o
       340         24         32          0          0        160   rredf.o
       200         20          0          0          0        164   sin.o
       304         24         40          0          0        208   sin_i.o
       400         56          0          0          0        212   sinf.o
       232          0          0          0          0        296   sqrt.o
       120          0          0          0          0        272   sqrtf.o

    ----------------------------------------------------------------------
     45218       2546       1236         16       4152      82758   Library Totals
        36          4          5          0          0          0   (incl. Padding)

    ----------------------------------------------------------------------

      Code (inc. data)   RO Data    RW Data    ZI Data      Debug   Library Name

      7814        272        551          0         96       5124   c_w.l
      4178        272          0          0          0       4116   fz_wm.l
     22036        812          0         16       4056      67930   libmpllib.lib
     11154       1186        680          0          0       5588   m_wm.l

    ----------------------------------------------------------------------
     45218       2546       1236         16       4152      82758   Library Totals

    ----------------------------------------------------------------------

==============================================================================


      Code (inc. data)   RO Data    RW Data    ZI Data      Debug   

     89846       8106       5698       3460      59236     877351   Grand Totals
     89846       8106       5698        536      59236     877351   ELF Image Totals (compressed)
     89846       8106       5698        536          0          0   ROM Totals

==============================================================================

    Total RO  Size (Code + RO Data)                95544 (  93.30kB)
    Total RW  Size (RW Data + ZI Data)             62696 (  61.23kB)
    Total ROM Size (Code + RO Data + RW Data)      96080 (  93.83kB)

==============================================================================

